nohup: ignoring input
Namespace(steps=2000, model_name='cifar100_main_models/cifar100_10_fseml_er_2000_rngisolated_seed9.net', treatment='FSEML', checkpoint=False, saved_model='FSEML_Model_20260427_main.net', seed=9, seeds=[10], tasks=1, meta_lr=0.0005, meta_lr_schedule_steps=[], meta_lr_schedule_values=[], update_lr=0.1, update_step=10, name='CIFAR100/0_0005/cifar100_10_fseml_er_2000_rngisolated_seed9', dataset='CIFAR100', data_root='../data/cifar100', classes_per_task=10, task_protocol='cifar100_protocols/cifar100_10classes_seed9.json', query_scope='global', support_sampling='balanced', no_data_augmentation=False, num_workers=4, encoder_channels=32, latent_dim=128, adapter_dim=256, sparsity_target=0.05, sparsity_weight=0.005, reconstruction_weight=0.1, weight_decay_weight=0.0, fda_weight=0.1, commit=False, no_reset=True, rln=6, replay=True, replay_mode='fse', replay_buffer_size=1000, replay_gap=960, replay_rate=0.05, replay_top_p=32, replay_partitions=10, visualize_replay=False, replay_viz_dir='replay_visualizations', replay_viz_max=10, replay_analysis_dir=None, replay_analysis_max_events=0, replay_analysis_plot_events=[], replay_analysis_cumulative_plot_events=[], replay_analysis_cumulative_plot_max_points=0, replay_analysis_track_events=[], replay_analysis_track_all_events=False, replay_analysis_track_count=0, replay_analysis_run_id='20260428_01', replay_analysis_expanded_eval_samples=0, replay_analysis_save_probe_data=False, reconstruction_fidelity=False, reference_classifier=None, final_fidelity_export=False, fidelity_eval_batch_size=128, model='none')
{'steps': 2000, 'model_name': 'cifar100_main_models/cifar100_10_fseml_er_2000_rngisolated_seed9.net', 'treatment': 'FSEML', 'checkpoint': False, 'saved_model': 'FSEML_Model_20260427_main.net', 'seed': 9, 'seeds': [10], 'tasks': 1, 'meta_lr': 0.0005, 'meta_lr_schedule_steps': [], 'meta_lr_schedule_values': [], 'update_lr': 0.1, 'update_step': 10, 'name': 'CIFAR100/0_0005/cifar100_10_fseml_er_2000_rngisolated_seed9', 'dataset': 'CIFAR100', 'data_root': '../data/cifar100', 'classes_per_task': 10, 'task_protocol': 'cifar100_protocols/cifar100_10classes_seed9.json', 'query_scope': 'global', 'support_sampling': 'balanced', 'no_data_augmentation': False, 'num_workers': 4, 'encoder_channels': 32, 'latent_dim': 128, 'adapter_dim': 256, 'sparsity_target': 0.05, 'sparsity_weight': 0.005, 'reconstruction_weight': 0.1, 'weight_decay_weight': 0.0, 'fda_weight': 0.1, 'commit': False, 'no_reset': True, 'rln': 6, 'replay': True, 'replay_mode': 'fse', 'replay_buffer_size': 1000, 'replay_gap': 960, 'replay_rate': 0.05, 'replay_top_p': 32, 'replay_partitions': 10, 'visualize_replay': False, 'replay_viz_dir': 'replay_visualizations', 'replay_viz_max': 10, 'replay_analysis_dir': None, 'replay_analysis_max_events': 0, 'replay_analysis_plot_events': [], 'replay_analysis_cumulative_plot_events': [], 'replay_analysis_cumulative_plot_max_points': 0, 'replay_analysis_track_events': [], 'replay_analysis_track_all_events': False, 'replay_analysis_track_count': 0, 'replay_analysis_run_id': '20260428_01', 'replay_analysis_expanded_eval_samples': 0, 'replay_analysis_save_probe_data': False, 'reconstruction_fidelity': False, 'reference_classifier': None, 'final_fidelity_export': False, 'fidelity_eval_batch_size': 128, 'model': 'none'}
experiment  : INFO     [32m[32mRun code dir = ANML-master_20260804[0m[0m
experiment  : INFO     [32m[32mRun cwd = /home/drizzle/FSEML-rewrite-2026/ANML-master_20260804[0m[0m
experiment  : INFO     [32m[32mCommand args = python mrcl_classification.py --dataset CIFAR100 --data-root ../data/cifar100 --classes-per-task 10 --task-protocol cifar100_protocols/cifar100_10classes_seed9.json --model_name cifar100_main_models/cifar100_10_fseml_er_2000_rngisolated_seed9.net --steps 2000 --name cifar100_10_fseml_er_2000_rngisolated_seed9 --treatment FSEML --seed 9 --tasks 1 --meta_lr 0.0005 --update_lr 0.1 --update_step 10 --num-workers 4 --encoder-channels 32 --latent-dim 128 --adapter-dim 256 --sparsity-target 0.05 --sparsity-weight 0.005 --reconstruction-weight 0.1 --weight-decay-weight 0.0 --fda-weight 0.1 --query-scope global --support-sampling balanced --no-reset --replay --replay-mode fse --replay-buffer-size 1000 --replay-gap 960 --replay-rate 0.05 --replay-top-p 32 --replay-partitions 10[0m[0m
CIFAR100 found locally: /home/drizzle/FSEML-rewrite-2026/data/cifar100
CIFAR100 found locally: /home/drizzle/FSEML-rewrite-2026/data/cifar100
CIFAR100 found locally: /home/drizzle/FSEML-rewrite-2026/data/cifar100
experiment  : INFO     [32m[32mCIFAR100-10 protocol: 6 meta-train tasks, 4 meta-test tasks; query scope: global; classifier reset: False; support sampling: balanced[0m[0m
experiment  : INFO     [32m[32mReplay protocol: enabled=True, mode=fse, buffer=1000, gap=960 samples, rate=0.0500, top_p=32, partitions=10[0m[0m
[W805 20:58:33.972519163 NNPACK.cpp:57] Could not initialize NNPACK! Reason: Unsupported hardware.
[W805 20:58:33.088071341 NNPACK.cpp:57] Could not initialize NNPACK! Reason: Unsupported hardware.
[W805 20:58:33.176369974 NNPACK.cpp:57] Could not initialize NNPACK! Reason: Unsupported hardware.
experiment  : INFO     [32m[32mstep: 0 	 meta_lr 0.000500 	 training acc 0.03125 and training loss tensor(4.6693, device='cuda:0', grad_fn=<AddBackward0>), loss_auto: tensor(0.3641, device='cuda:0', grad_fn=<AddBackward0>), loss_pre: tensor(4.6329, device='cuda:0', grad_fn=<NllLossBackward0>)[0m[0m
experiment  : INFO     [32m[32mReplay event 1 at meta iteration 15: replayed=48, buffer=480/1000, total_replayed=48[0m[0m
experiment  : INFO     [32m[32mReplay event 2 at meta iteration 30: replayed=48, buffer=870/1000, total_replayed=96[0m[0m
experiment  : INFO     [32m[32mstep: 40 	 meta_lr 0.000500 	 training acc 0.0 and training loss tensor(4.2850, device='cuda:0', grad_fn=<AddBackward0>), loss_auto: tensor(0.3248, device='cuda:0', grad_fn=<AddBackward0>), loss_pre: tensor(4.2526, device='cuda:0', grad_fn=<NllLossBackward0>)[0m[0m
experiment  : INFO     [32m[32mReplay event 3 at meta iteration 45: replayed=48, buffer=968/1000, total_replayed=144[0m[0m
experiment  : INFO     [32m[32mReplay event 4 at meta iteration 60: replayed=48, buffer=982/1000, total_replayed=192[0m[0m
experiment  : INFO     [32m[32mReplay event 5 at meta iteration 75: replayed=48, buffer=998/1000, total_replayed=240[0m[0m
experiment  : INFO     [32m[32mstep: 80 	 meta_lr 0.000500 	 training acc 0.0625 and training loss tensor(3.9589, device='cuda:0', grad_fn=<AddBackward0>), loss_auto: tensor(0.3228, device='cuda:0', grad_fn=<AddBackward0>), loss_pre: tensor(3.9266, device='cuda:0', grad_fn=<NllLossBackward0>)[0m[0m
experiment  : INFO     [32m[32mstep: 120 	 meta_lr 0.000500 	 training acc 0.078125 and training loss tensor(3.7262, device='cuda:0', grad_fn=<AddBackward0>), loss_auto: tensor(0.3122, device='cuda:0', grad_fn=<AddBackward0>), loss_pre: tensor(3.6949, device='cuda:0', grad_fn=<NllLossBackward0>)[0m[0m
experiment  : INFO     [32m[32mstep: 160 	 meta_lr 0.000500 	 training acc 0.03125 and training loss tensor(3.7429, device='cuda:0', grad_fn=<AddBackward0>), loss_auto: tensor(0.3109, device='cuda:0', grad_fn=<AddBackward0>), loss_pre: tensor(3.7118, device='cuda:0', grad_fn=<NllLossBackward0>)[0m[0m
experiment  : INFO     [32m[32mstep: 200 	 meta_lr 0.000500 	 training acc 0.15625 and training loss tensor(3.6614, device='cuda:0', grad_fn=<AddBackward0>), loss_auto: tensor(0.3178, device='cuda:0', grad_fn=<AddBackward0>), loss_pre: tensor(3.6296, device='cuda:0', grad_fn=<NllLossBackward0>)[0m[0m
experiment  : INFO     [32m[32mstep: 240 	 meta_lr 0.000500 	 training acc 0.0625 and training loss tensor(3.5194, device='cuda:0', grad_fn=<AddBackward0>), loss_auto: tensor(0.3009, device='cuda:0', grad_fn=<AddBackward0>), loss_pre: tensor(3.4893, device='cuda:0', grad_fn=<NllLossBackward0>)[0m[0m
experiment  : INFO     [32m[32mstep: 280 	 meta_lr 0.000500 	 training acc 0.09375 and training loss tensor(3.5204, device='cuda:0', grad_fn=<AddBackward0>), loss_auto: tensor(0.3161, device='cuda:0', grad_fn=<AddBackward0>), loss_pre: tensor(3.4888, device='cuda:0', grad_fn=<NllLossBackward0>)[0m[0m
experiment  : INFO     [32m[32mstep: 320 	 meta_lr 0.000500 	 training acc 0.03125 and training loss tensor(3.6281, device='cuda:0', grad_fn=<AddBackward0>), loss_auto: tensor(0.3038, device='cuda:0', grad_fn=<AddBackward0>), loss_pre: tensor(3.5977, device='cuda:0', grad_fn=<NllLossBackward0>)[0m[0m
experiment  : INFO     [32m[32mstep: 360 	 meta_lr 0.000500 	 training acc 0.109375 and training loss tensor(3.4390, device='cuda:0', grad_fn=<AddBackward0>), loss_auto: tensor(0.3074, device='cuda:0', grad_fn=<AddBackward0>), loss_pre: tensor(3.4083, device='cuda:0', grad_fn=<NllLossBackward0>)[0m[0m
experiment  : INFO     [32m[32mstep: 400 	 meta_lr 0.000500 	 training acc 0.09375 and training loss tensor(3.3656, device='cuda:0', grad_fn=<AddBackward0>), loss_auto: tensor(0.3171, device='cuda:0', grad_fn=<AddBackward0>), loss_pre: tensor(3.3339, device='cuda:0', grad_fn=<NllLossBackward0>)[0m[0m
experiment  : INFO     [32m[32mstep: 440 	 meta_lr 0.000500 	 training acc 0.171875 and training loss tensor(3.5455, device='cuda:0', grad_fn=<AddBackward0>), loss_auto: tensor(0.3208, device='cuda:0', grad_fn=<AddBackward0>), loss_pre: tensor(3.5135, device='cuda:0', grad_fn=<NllLossBackward0>)[0m[0m
experiment  : INFO     [32m[32mstep: 480 	 meta_lr 0.000500 	 training acc 0.21875 and training loss tensor(3.1362, device='cuda:0', grad_fn=<AddBackward0>), loss_auto: tensor(0.3152, device='cuda:0', grad_fn=<AddBackward0>), loss_pre: tensor(3.1046, device='cuda:0', grad_fn=<NllLossBackward0>)[0m[0m
experiment  : INFO     [32m[32mTrain Accuracy = 0.20544104609929079[0m[0m
experiment  : INFO     [32m[32mTest Accuracy = 0.0[0m[0m
experiment  : INFO     [32m[32mstep: 520 	 meta_lr 0.000500 	 training acc 0.15625 and training loss tensor(3.2075, device='cuda:0', grad_fn=<AddBackward0>), loss_auto: tensor(0.3159, device='cuda:0', grad_fn=<AddBackward0>), loss_pre: tensor(3.1759, device='cuda:0', grad_fn=<NllLossBackward0>)[0m[0m
experiment  : INFO     [32m[32mstep: 560 	 meta_lr 0.000500 	 training acc 0.203125 and training loss tensor(3.1277, device='cuda:0', grad_fn=<AddBackward0>), loss_auto: tensor(0.3141, device='cuda:0', grad_fn=<AddBackward0>), loss_pre: tensor(3.0963, device='cuda:0', grad_fn=<NllLossBackward0>)[0m[0m
experiment  : INFO     [32m[32mstep: 600 	 meta_lr 0.000500 	 training acc 0.140625 and training loss tensor(3.4418, device='cuda:0', grad_fn=<AddBackward0>), loss_auto: tensor(0.3155, device='cuda:0', grad_fn=<AddBackward0>), loss_pre: tensor(3.4102, device='cuda:0', grad_fn=<NllLossBackward0>)[0m[0m
experiment  : INFO     [32m[32mstep: 640 	 meta_lr 0.000500 	 training acc 0.09375 and training loss tensor(3.2791, device='cuda:0', grad_fn=<AddBackward0>), loss_auto: tensor(0.3237, device='cuda:0', grad_fn=<AddBackward0>), loss_pre: tensor(3.2467, device='cuda:0', grad_fn=<NllLossBackward0>)[0m[0m
experiment  : INFO     [32m[32mstep: 680 	 meta_lr 0.000500 	 training acc 0.21875 and training loss tensor(3.0642, device='cuda:0', grad_fn=<AddBackward0>), loss_auto: tensor(0.3125, device='cuda:0', grad_fn=<AddBackward0>), loss_pre: tensor(3.0329, device='cuda:0', grad_fn=<NllLossBackward0>)[0m[0m
experiment  : INFO     [32m[32mstep: 720 	 meta_lr 0.000500 	 training acc 0.1875 and training loss tensor(3.5386, device='cuda:0', grad_fn=<AddBackward0>), loss_auto: tensor(0.3123, device='cuda:0', grad_fn=<AddBackward0>), loss_pre: tensor(3.5073, device='cuda:0', grad_fn=<NllLossBackward0>)[0m[0m
experiment  : INFO     [32m[32mstep: 760 	 meta_lr 0.000500 	 training acc 0.203125 and training loss tensor(3.1604, device='cuda:0', grad_fn=<AddBackward0>), loss_auto: tensor(0.3111, device='cuda:0', grad_fn=<AddBackward0>), loss_pre: tensor(3.1293, device='cuda:0', grad_fn=<NllLossBackward0>)[0m[0m
experiment  : INFO     [32m[32mstep: 800 	 meta_lr 0.000500 	 training acc 0.171875 and training loss tensor(3.3748, device='cuda:0', grad_fn=<AddBackward0>), loss_auto: tensor(0.3222, device='cuda:0', grad_fn=<AddBackward0>), loss_pre: tensor(3.3426, device='cuda:0', grad_fn=<NllLossBackward0>)[0m[0m
experiment  : INFO     [32m[32mstep: 840 	 meta_lr 0.000500 	 training acc 0.109375 and training loss tensor(3.2153, device='cuda:0', grad_fn=<AddBackward0>), loss_auto: tensor(0.3077, device='cuda:0', grad_fn=<AddBackward0>), loss_pre: tensor(3.1845, device='cuda:0', grad_fn=<NllLossBackward0>)[0m[0m
experiment  : INFO     [32m[32mstep: 880 	 meta_lr 0.000500 	 training acc 0.234375 and training loss tensor(2.9135, device='cuda:0', grad_fn=<AddBackward0>), loss_auto: tensor(0.3089, device='cuda:0', grad_fn=<AddBackward0>), loss_pre: tensor(2.8826, device='cuda:0', grad_fn=<NllLossBackward0>)[0m[0m
experiment  : INFO     [32m[32mstep: 920 	 meta_lr 0.000500 	 training acc 0.3125 and training loss tensor(2.8322, device='cuda:0', grad_fn=<AddBackward0>), loss_auto: tensor(0.3079, device='cuda:0', grad_fn=<AddBackward0>), loss_pre: tensor(2.8014, device='cuda:0', grad_fn=<NllLossBackward0>)[0m[0m
experiment  : INFO     [32m[32mstep: 960 	 meta_lr 0.000500 	 training acc 0.234375 and training loss tensor(3.1651, device='cuda:0', grad_fn=<AddBackward0>), loss_auto: tensor(0.3068, device='cuda:0', grad_fn=<AddBackward0>), loss_pre: tensor(3.1344, device='cuda:0', grad_fn=<NllLossBackward0>)[0m[0m
experiment  : INFO     [32m[32mstep: 1000 	 meta_lr 0.000500 	 training acc 0.203125 and training loss tensor(3.0775, device='cuda:0', grad_fn=<AddBackward0>), loss_auto: tensor(0.3173, device='cuda:0', grad_fn=<AddBackward0>), loss_pre: tensor(3.0458, device='cuda:0', grad_fn=<NllLossBackward0>)[0m[0m
experiment  : INFO     [32m[32mTrain Accuracy = 0.2697695035460993[0m[0m
experiment  : INFO     [32m[32mTest Accuracy = 0.0[0m[0m
experiment  : INFO     [32m[32mstep: 1040 	 meta_lr 0.000500 	 training acc 0.171875 and training loss tensor(3.5692, device='cuda:0', grad_fn=<AddBackward0>), loss_auto: tensor(0.3288, device='cuda:0', grad_fn=<AddBackward0>), loss_pre: tensor(3.5363, device='cuda:0', grad_fn=<NllLossBackward0>)[0m[0m
experiment  : INFO     [32m[32mstep: 1080 	 meta_lr 0.000500 	 training acc 0.15625 and training loss tensor(3.2332, device='cuda:0', grad_fn=<AddBackward0>), loss_auto: tensor(0.3143, device='cuda:0', grad_fn=<AddBackward0>), loss_pre: tensor(3.2017, device='cuda:0', grad_fn=<NllLossBackward0>)[0m[0m
experiment  : INFO     [32m[32mstep: 1120 	 meta_lr 0.000500 	 training acc 0.28125 and training loss tensor(2.9175, device='cuda:0', grad_fn=<AddBackward0>), loss_auto: tensor(0.3044, device='cuda:0', grad_fn=<AddBackward0>), loss_pre: tensor(2.8871, device='cuda:0', grad_fn=<NllLossBackward0>)[0m[0m
experiment  : INFO     [32m[32mstep: 1160 	 meta_lr 0.000500 	 training acc 0.21875 and training loss tensor(3.0055, device='cuda:0', grad_fn=<AddBackward0>), loss_auto: tensor(0.3176, device='cuda:0', grad_fn=<AddBackward0>), loss_pre: tensor(2.9737, device='cuda:0', grad_fn=<NllLossBackward0>)[0m[0m
experiment  : INFO     [32m[32mstep: 1200 	 meta_lr 0.000500 	 training acc 0.28125 and training loss tensor(2.9537, device='cuda:0', grad_fn=<AddBackward0>), loss_auto: tensor(0.3101, device='cuda:0', grad_fn=<AddBackward0>), loss_pre: tensor(2.9227, device='cuda:0', grad_fn=<NllLossBackward0>)[0m[0m
experiment  : INFO     [32m[32mstep: 1240 	 meta_lr 0.000500 	 training acc 0.25 and training loss tensor(2.8216, device='cuda:0', grad_fn=<AddBackward0>), loss_auto: tensor(0.3181, device='cuda:0', grad_fn=<AddBackward0>), loss_pre: tensor(2.7898, device='cuda:0', grad_fn=<NllLossBackward0>)[0m[0m
experiment  : INFO     [32m[32mstep: 1280 	 meta_lr 0.000500 	 training acc 0.359375 and training loss tensor(2.6804, device='cuda:0', grad_fn=<AddBackward0>), loss_auto: tensor(0.3176, device='cuda:0', grad_fn=<AddBackward0>), loss_pre: tensor(2.6486, device='cuda:0', grad_fn=<NllLossBackward0>)[0m[0m
experiment  : INFO     [32m[32mstep: 1320 	 meta_lr 0.000500 	 training acc 0.15625 and training loss tensor(3.4146, device='cuda:0', grad_fn=<AddBackward0>), loss_auto: tensor(0.3101, device='cuda:0', grad_fn=<AddBackward0>), loss_pre: tensor(3.3836, device='cuda:0', grad_fn=<NllLossBackward0>)[0m[0m
experiment  : INFO     [32m[32mstep: 1360 	 meta_lr 0.000500 	 training acc 0.265625 and training loss tensor(2.8069, device='cuda:0', grad_fn=<AddBackward0>), loss_auto: tensor(0.3143, device='cuda:0', grad_fn=<AddBackward0>), loss_pre: tensor(2.7755, device='cuda:0', grad_fn=<NllLossBackward0>)[0m[0m
experiment  : INFO     [32m[32mstep: 1400 	 meta_lr 0.000500 	 training acc 0.328125 and training loss tensor(2.7966, device='cuda:0', grad_fn=<AddBackward0>), loss_auto: tensor(0.3072, device='cuda:0', grad_fn=<AddBackward0>), loss_pre: tensor(2.7658, device='cuda:0', grad_fn=<NllLossBackward0>)[0m[0m
experiment  : INFO     [32m[32mstep: 1440 	 meta_lr 0.000500 	 training acc 0.21875 and training loss tensor(3.2687, device='cuda:0', grad_fn=<AddBackward0>), loss_auto: tensor(0.3160, device='cuda:0', grad_fn=<AddBackward0>), loss_pre: tensor(3.2371, device='cuda:0', grad_fn=<NllLossBackward0>)[0m[0m
experiment  : INFO     [32m[32mstep: 1480 	 meta_lr 0.000500 	 training acc 0.296875 and training loss tensor(2.5802, device='cuda:0', grad_fn=<AddBackward0>), loss_auto: tensor(0.3052, device='cuda:0', grad_fn=<AddBackward0>), loss_pre: tensor(2.5497, device='cuda:0', grad_fn=<NllLossBackward0>)[0m[0m
experiment  : INFO     [32m[32mReplay event 100 at meta iteration 1500: replayed=48, buffer=1000/1000, total_replayed=4800[0m[0m
experiment  : INFO     [32m[32mTrain Accuracy = 0.30324689716312053[0m[0m
experiment  : INFO     [32m[32mTest Accuracy = 0.0[0m[0m
experiment  : INFO     [32m[32mstep: 1520 	 meta_lr 0.000500 	 training acc 0.234375 and training loss tensor(2.6736, device='cuda:0', grad_fn=<AddBackward0>), loss_auto: tensor(0.3168, device='cuda:0', grad_fn=<AddBackward0>), loss_pre: tensor(2.6419, device='cuda:0', grad_fn=<NllLossBackward0>)[0m[0m
experiment  : INFO     [32m[32mstep: 1560 	 meta_lr 0.000500 	 training acc 0.234375 and training loss tensor(3.0160, device='cuda:0', grad_fn=<AddBackward0>), loss_auto: tensor(0.3070, device='cuda:0', grad_fn=<AddBackward0>), loss_pre: tensor(2.9853, device='cuda:0', grad_fn=<NllLossBackward0>)[0m[0m
experiment  : INFO     [32m[32mstep: 1600 	 meta_lr 0.000500 	 training acc 0.296875 and training loss tensor(2.8445, device='cuda:0', grad_fn=<AddBackward0>), loss_auto: tensor(0.3209, device='cuda:0', grad_fn=<AddBackward0>), loss_pre: tensor(2.8124, device='cuda:0', grad_fn=<NllLossBackward0>)[0m[0m
experiment  : INFO     [32m[32mstep: 1640 	 meta_lr 0.000500 	 training acc 0.265625 and training loss tensor(2.8989, device='cuda:0', grad_fn=<AddBackward0>), loss_auto: tensor(0.3155, device='cuda:0', grad_fn=<AddBackward0>), loss_pre: tensor(2.8673, device='cuda:0', grad_fn=<NllLossBackward0>)[0m[0m
experiment  : INFO     [32m[32mstep: 1680 	 meta_lr 0.000500 	 training acc 0.140625 and training loss tensor(2.8524, device='cuda:0', grad_fn=<AddBackward0>), loss_auto: tensor(0.3063, device='cuda:0', grad_fn=<AddBackward0>), loss_pre: tensor(2.8217, device='cuda:0', grad_fn=<NllLossBackward0>)[0m[0m
experiment  : INFO     [32m[32mstep: 1720 	 meta_lr 0.000500 	 training acc 0.25 and training loss tensor(3.0033, device='cuda:0', grad_fn=<AddBackward0>), loss_auto: tensor(0.3116, device='cuda:0', grad_fn=<AddBackward0>), loss_pre: tensor(2.9721, device='cuda:0', grad_fn=<NllLossBackward0>)[0m[0m
experiment  : INFO     [32m[32mstep: 1760 	 meta_lr 0.000500 	 training acc 0.375 and training loss tensor(2.5257, device='cuda:0', grad_fn=<AddBackward0>), loss_auto: tensor(0.3026, device='cuda:0', grad_fn=<AddBackward0>), loss_pre: tensor(2.4955, device='cuda:0', grad_fn=<NllLossBackward0>)[0m[0m
experiment  : INFO     [32m[32mstep: 1800 	 meta_lr 0.000500 	 training acc 0.234375 and training loss tensor(2.8079, device='cuda:0', grad_fn=<AddBackward0>), loss_auto: tensor(0.3040, device='cuda:0', grad_fn=<AddBackward0>), loss_pre: tensor(2.7775, device='cuda:0', grad_fn=<NllLossBackward0>)[0m[0m
experiment  : INFO     [32m[32mstep: 1840 	 meta_lr 0.000500 	 training acc 0.234375 and training loss tensor(2.7619, device='cuda:0', grad_fn=<AddBackward0>), loss_auto: tensor(0.3197, device='cuda:0', grad_fn=<AddBackward0>), loss_pre: tensor(2.7299, device='cuda:0', grad_fn=<NllLossBackward0>)[0m[0m
experiment  : INFO     [32m[32mstep: 1880 	 meta_lr 0.000500 	 training acc 0.34375 and training loss tensor(2.5970, device='cuda:0', grad_fn=<AddBackward0>), loss_auto: tensor(0.3112, device='cuda:0', grad_fn=<AddBackward0>), loss_pre: tensor(2.5658, device='cuda:0', grad_fn=<NllLossBackward0>)[0m[0m
experiment  : INFO     [32m[32mstep: 1920 	 meta_lr 0.000500 	 training acc 0.171875 and training loss tensor(2.9170, device='cuda:0', grad_fn=<AddBackward0>), loss_auto: tensor(0.3064, device='cuda:0', grad_fn=<AddBackward0>), loss_pre: tensor(2.8863, device='cuda:0', grad_fn=<NllLossBackward0>)[0m[0m
experiment  : INFO     [32m[32mstep: 1960 	 meta_lr 0.000500 	 training acc 0.234375 and training loss tensor(3.0064, device='cuda:0', grad_fn=<AddBackward0>), loss_auto: tensor(0.3183, device='cuda:0', grad_fn=<AddBackward0>), loss_pre: tensor(2.9745, device='cuda:0', grad_fn=<NllLossBackward0>)[0m[0m
experiment  : INFO     [32m[32mFinal replay status: {'mode': 'fse', 'enabled': True, 'buffer_length': 1000, 'buffer_capacity': 1000, 'replay_events': 133, 'total_replayed_samples': 6384, 'last_replay_count': 48, 'samples_since_replay': 320, 'replay_gap': 960, 'replay_rate': 0.05, 'top_p': 32, 'partitions': 10}[0m[0m
