nohup: ignoring input
Namespace(steps=2000, model_name='cifar100_main_models/cifar100_10_fseml_er_r005_gi480_2000_seed9.net', treatment='FSEML', checkpoint=False, saved_model='FSEML_Model_20260427_main.net', seed=9, seeds=[10], tasks=1, meta_lr=0.0005, meta_lr_schedule_steps=[], meta_lr_schedule_values=[], update_lr=0.1, update_step=10, name='CIFAR100/0_0005/cifar100_10_fseml_er_r005_gi480_2000_seed9', dataset='CIFAR100', data_root='../data/cifar100', classes_per_task=10, task_protocol='cifar100_protocols/cifar100_10classes_seed9.json', query_scope='global', support_sampling='balanced', no_data_augmentation=False, num_workers=4, encoder_channels=32, latent_dim=128, adapter_dim=256, sparsity_target=0.05, sparsity_weight=0.005, reconstruction_weight=0.1, fisher_reconstruction_weight=0.1, weight_decay_weight=0.0, fda_weight=0.1, commit=False, no_reset=True, rln=6, replay=True, replay_mode='fse', replay_buffer_size=1000, replay_gap=480, replay_rate=0.05, replay_top_p=32, replay_partitions=10, visualize_replay=False, replay_viz_dir='replay_visualizations', replay_viz_max=10, replay_analysis_dir=None, replay_analysis_max_events=0, replay_analysis_plot_events=[], replay_analysis_cumulative_plot_events=[], replay_analysis_cumulative_plot_max_points=0, replay_analysis_track_events=[], replay_analysis_track_all_events=False, replay_analysis_track_count=0, replay_analysis_run_id='20260428_01', replay_analysis_expanded_eval_samples=0, replay_analysis_save_probe_data=False, reconstruction_fidelity=False, reference_classifier=None, final_fidelity_export=False, fidelity_eval_batch_size=128, model='none')
{'steps': 2000, 'model_name': 'cifar100_main_models/cifar100_10_fseml_er_r005_gi480_2000_seed9.net', 'treatment': 'FSEML', 'checkpoint': False, 'saved_model': 'FSEML_Model_20260427_main.net', 'seed': 9, 'seeds': [10], 'tasks': 1, 'meta_lr': 0.0005, 'meta_lr_schedule_steps': [], 'meta_lr_schedule_values': [], 'update_lr': 0.1, 'update_step': 10, 'name': 'CIFAR100/0_0005/cifar100_10_fseml_er_r005_gi480_2000_seed9', 'dataset': 'CIFAR100', 'data_root': '../data/cifar100', 'classes_per_task': 10, 'task_protocol': 'cifar100_protocols/cifar100_10classes_seed9.json', 'query_scope': 'global', 'support_sampling': 'balanced', 'no_data_augmentation': False, 'num_workers': 4, 'encoder_channels': 32, 'latent_dim': 128, 'adapter_dim': 256, 'sparsity_target': 0.05, 'sparsity_weight': 0.005, 'reconstruction_weight': 0.1, 'fisher_reconstruction_weight': 0.1, 'weight_decay_weight': 0.0, 'fda_weight': 0.1, 'commit': False, 'no_reset': True, 'rln': 6, 'replay': True, 'replay_mode': 'fse', 'replay_buffer_size': 1000, 'replay_gap': 480, 'replay_rate': 0.05, 'replay_top_p': 32, 'replay_partitions': 10, 'visualize_replay': False, 'replay_viz_dir': 'replay_visualizations', 'replay_viz_max': 10, 'replay_analysis_dir': None, 'replay_analysis_max_events': 0, 'replay_analysis_plot_events': [], 'replay_analysis_cumulative_plot_events': [], 'replay_analysis_cumulative_plot_max_points': 0, 'replay_analysis_track_events': [], 'replay_analysis_track_all_events': False, 'replay_analysis_track_count': 0, 'replay_analysis_run_id': '20260428_01', 'replay_analysis_expanded_eval_samples': 0, 'replay_analysis_save_probe_data': False, 'reconstruction_fidelity': False, 'reference_classifier': None, 'final_fidelity_export': False, 'fidelity_eval_batch_size': 128, 'model': 'none'}
experiment  : INFO     [32m[32mRun code dir = ANML-master_20260804[0m[0m
experiment  : INFO     [32m[32mRun cwd = /remote-home/elison/FSEML-rewrite-2026/ANML-master_20260804[0m[0m
experiment  : INFO     [32m[32mCommand args = python mrcl_classification.py --dataset CIFAR100 --data-root ../data/cifar100 --classes-per-task 10 --task-protocol cifar100_protocols/cifar100_10classes_seed9.json --model_name cifar100_main_models/cifar100_10_fseml_er_r005_gi480_2000_seed9.net --steps 2000 --name cifar100_10_fseml_er_r005_gi480_2000_seed9 --treatment FSEML --seed 9 --tasks 1 --meta_lr 0.0005 --update_lr 0.1 --update_step 10 --num-workers 4 --encoder-channels 32 --latent-dim 128 --adapter-dim 256 --sparsity-target 0.05 --sparsity-weight 0.005 --reconstruction-weight 0.1 --weight-decay-weight 0.0 --fda-weight 0.1 --query-scope global --support-sampling balanced --no-reset --replay --replay-mode fse --replay-buffer-size 1000 --replay-rate 0.05 --replay-gap 480 --replay-top-p 32 --replay-partitions 10[0m[0m
CIFAR100 found locally: /remote-home/elison/FSEML-rewrite-2026/data/cifar100
CIFAR100 found locally: /remote-home/elison/FSEML-rewrite-2026/data/cifar100
CIFAR100 found locally: /remote-home/elison/FSEML-rewrite-2026/data/cifar100
experiment  : INFO     [32m[32mCIFAR100-10 protocol: 6 meta-train tasks, 4 meta-test tasks; query scope: global; classifier reset: False; support sampling: balanced[0m[0m
experiment  : INFO     [32m[32mMeta-training prediction protocol: global query with unmasked 100-class logits (class-incremental prediction)[0m[0m
experiment  : INFO     [32m[32mReplay protocol: enabled=True, mode=fse, buffer=1000, gap=480 samples, rate=0.0500, top_p=32, partitions=10[0m[0m
experiment  : INFO     [32m[32mstep: 0 	 meta_lr 0.000500 	 training acc 0.03125 and training loss tensor(4.6727, device='cuda:0', grad_fn=<AddBackward0>), loss_auto: tensor(0.3978, device='cuda:0', grad_fn=<AddBackward0>), loss_pre: tensor(4.6329, device='cuda:0', grad_fn=<NllLossBackward0>)[0m[0m
experiment  : INFO     [32m[32mReplay event 1 at meta iteration 8: replayed=24, buffer=256/1000, total_replayed=24[0m[0m
experiment  : INFO     [32m[32mReplay event 2 at meta iteration 16: replayed=24, buffer=512/1000, total_replayed=48[0m[0m
experiment  : INFO     [32m[32mReplay event 3 at meta iteration 24: replayed=24, buffer=760/1000, total_replayed=72[0m[0m
experiment  : INFO     [32m[32mReplay event 4 at meta iteration 32: replayed=24, buffer=926/1000, total_replayed=96[0m[0m
experiment  : INFO     [32m[32mReplay event 5 at meta iteration 40: replayed=24, buffer=972/1000, total_replayed=120[0m[0m
experiment  : INFO     [32m[32mstep: 40 	 meta_lr 0.000500 	 training acc 0.015625 and training loss tensor(4.2083, device='cuda:0', grad_fn=<AddBackward0>), loss_auto: tensor(0.3459, device='cuda:0', grad_fn=<AddBackward0>), loss_pre: tensor(4.1737, device='cuda:0', grad_fn=<NllLossBackward0>)[0m[0m
experiment  : INFO     [32m[32mstep: 80 	 meta_lr 0.000500 	 training acc 0.0625 and training loss tensor(3.8047, device='cuda:0', grad_fn=<AddBackward0>), loss_auto: tensor(0.3199, device='cuda:0', grad_fn=<AddBackward0>), loss_pre: tensor(3.7727, device='cuda:0', grad_fn=<NllLossBackward0>)[0m[0m
experiment  : INFO     [32m[32mstep: 120 	 meta_lr 0.000500 	 training acc 0.09375 and training loss tensor(3.8103, device='cuda:0', grad_fn=<AddBackward0>), loss_auto: tensor(0.3143, device='cuda:0', grad_fn=<AddBackward0>), loss_pre: tensor(3.7788, device='cuda:0', grad_fn=<NllLossBackward0>)[0m[0m
experiment  : INFO     [32m[32mstep: 160 	 meta_lr 0.000500 	 training acc 0.046875 and training loss tensor(3.7959, device='cuda:0', grad_fn=<AddBackward0>), loss_auto: tensor(0.3045, device='cuda:0', grad_fn=<AddBackward0>), loss_pre: tensor(3.7654, device='cuda:0', grad_fn=<NllLossBackward0>)[0m[0m
experiment  : INFO     [32m[32mstep: 200 	 meta_lr 0.000500 	 training acc 0.171875 and training loss tensor(3.6745, device='cuda:0', grad_fn=<AddBackward0>), loss_auto: tensor(0.3179, device='cuda:0', grad_fn=<AddBackward0>), loss_pre: tensor(3.6427, device='cuda:0', grad_fn=<NllLossBackward0>)[0m[0m
experiment  : INFO     [32m[32mstep: 240 	 meta_lr 0.000500 	 training acc 0.125 and training loss tensor(3.6677, device='cuda:0', grad_fn=<AddBackward0>), loss_auto: tensor(0.3082, device='cuda:0', grad_fn=<AddBackward0>), loss_pre: tensor(3.6369, device='cuda:0', grad_fn=<NllLossBackward0>)[0m[0m
experiment  : INFO     [32m[32mstep: 280 	 meta_lr 0.000500 	 training acc 0.09375 and training loss tensor(3.5086, device='cuda:0', grad_fn=<AddBackward0>), loss_auto: tensor(0.3119, device='cuda:0', grad_fn=<AddBackward0>), loss_pre: tensor(3.4774, device='cuda:0', grad_fn=<NllLossBackward0>)[0m[0m
experiment  : INFO     [32m[32mstep: 320 	 meta_lr 0.000500 	 training acc 0.03125 and training loss tensor(3.4545, device='cuda:0', grad_fn=<AddBackward0>), loss_auto: tensor(0.3052, device='cuda:0', grad_fn=<AddBackward0>), loss_pre: tensor(3.4240, device='cuda:0', grad_fn=<NllLossBackward0>)[0m[0m
experiment  : INFO     [32m[32mstep: 360 	 meta_lr 0.000500 	 training acc 0.15625 and training loss tensor(3.4414, device='cuda:0', grad_fn=<AddBackward0>), loss_auto: tensor(0.3113, device='cuda:0', grad_fn=<AddBackward0>), loss_pre: tensor(3.4103, device='cuda:0', grad_fn=<NllLossBackward0>)[0m[0m
experiment  : INFO     [32m[32mstep: 400 	 meta_lr 0.000500 	 training acc 0.171875 and training loss tensor(3.1946, device='cuda:0', grad_fn=<AddBackward0>), loss_auto: tensor(0.3149, device='cuda:0', grad_fn=<AddBackward0>), loss_pre: tensor(3.1631, device='cuda:0', grad_fn=<NllLossBackward0>)[0m[0m
experiment  : INFO     [32m[32mstep: 440 	 meta_lr 0.000500 	 training acc 0.140625 and training loss tensor(3.6135, device='cuda:0', grad_fn=<AddBackward0>), loss_auto: tensor(0.3131, device='cuda:0', grad_fn=<AddBackward0>), loss_pre: tensor(3.5822, device='cuda:0', grad_fn=<NllLossBackward0>)[0m[0m
experiment  : INFO     [32m[32mstep: 480 	 meta_lr 0.000500 	 training acc 0.203125 and training loss tensor(3.0462, device='cuda:0', grad_fn=<AddBackward0>), loss_auto: tensor(0.3132, device='cuda:0', grad_fn=<AddBackward0>), loss_pre: tensor(3.0149, device='cuda:0', grad_fn=<NllLossBackward0>)[0m[0m
experiment  : INFO     [32m[32mTrain Accuracy = 0.209552304964539[0m[0m
experiment  : INFO     [32m[32mTest Accuracy = 0.0[0m[0m
experiment  : INFO     [32m[32mstep: 520 	 meta_lr 0.000500 	 training acc 0.21875 and training loss tensor(3.1467, device='cuda:0', grad_fn=<AddBackward0>), loss_auto: tensor(0.3224, device='cuda:0', grad_fn=<AddBackward0>), loss_pre: tensor(3.1144, device='cuda:0', grad_fn=<NllLossBackward0>)[0m[0m
experiment  : INFO     [32m[32mstep: 560 	 meta_lr 0.000500 	 training acc 0.171875 and training loss tensor(3.3196, device='cuda:0', grad_fn=<AddBackward0>), loss_auto: tensor(0.3174, device='cuda:0', grad_fn=<AddBackward0>), loss_pre: tensor(3.2878, device='cuda:0', grad_fn=<NllLossBackward0>)[0m[0m
experiment  : INFO     [32m[32mstep: 600 	 meta_lr 0.000500 	 training acc 0.125 and training loss tensor(3.1596, device='cuda:0', grad_fn=<AddBackward0>), loss_auto: tensor(0.3192, device='cuda:0', grad_fn=<AddBackward0>), loss_pre: tensor(3.1276, device='cuda:0', grad_fn=<NllLossBackward0>)[0m[0m
experiment  : INFO     [32m[32mstep: 640 	 meta_lr 0.000500 	 training acc 0.09375 and training loss tensor(3.3524, device='cuda:0', grad_fn=<AddBackward0>), loss_auto: tensor(0.3168, device='cuda:0', grad_fn=<AddBackward0>), loss_pre: tensor(3.3207, device='cuda:0', grad_fn=<NllLossBackward0>)[0m[0m
experiment  : INFO     [32m[32mstep: 680 	 meta_lr 0.000500 	 training acc 0.203125 and training loss tensor(3.2826, device='cuda:0', grad_fn=<AddBackward0>), loss_auto: tensor(0.3178, device='cuda:0', grad_fn=<AddBackward0>), loss_pre: tensor(3.2508, device='cuda:0', grad_fn=<NllLossBackward0>)[0m[0m
experiment  : INFO     [32m[32mstep: 720 	 meta_lr 0.000500 	 training acc 0.15625 and training loss tensor(3.3776, device='cuda:0', grad_fn=<AddBackward0>), loss_auto: tensor(0.3160, device='cuda:0', grad_fn=<AddBackward0>), loss_pre: tensor(3.3460, device='cuda:0', grad_fn=<NllLossBackward0>)[0m[0m
experiment  : INFO     [32m[32mstep: 760 	 meta_lr 0.000500 	 training acc 0.171875 and training loss tensor(3.2255, device='cuda:0', grad_fn=<AddBackward0>), loss_auto: tensor(0.3042, device='cuda:0', grad_fn=<AddBackward0>), loss_pre: tensor(3.1951, device='cuda:0', grad_fn=<NllLossBackward0>)[0m[0m
experiment  : INFO     [32m[32mReplay event 100 at meta iteration 800: replayed=24, buffer=1000/1000, total_replayed=2400[0m[0m
experiment  : INFO     [32m[32mstep: 800 	 meta_lr 0.000500 	 training acc 0.234375 and training loss tensor(3.3111, device='cuda:0', grad_fn=<AddBackward0>), loss_auto: tensor(0.3130, device='cuda:0', grad_fn=<AddBackward0>), loss_pre: tensor(3.2798, device='cuda:0', grad_fn=<NllLossBackward0>)[0m[0m
experiment  : INFO     [32m[32mstep: 840 	 meta_lr 0.000500 	 training acc 0.09375 and training loss tensor(3.6519, device='cuda:0', grad_fn=<AddBackward0>), loss_auto: tensor(0.3156, device='cuda:0', grad_fn=<AddBackward0>), loss_pre: tensor(3.6204, device='cuda:0', grad_fn=<NllLossBackward0>)[0m[0m
experiment  : INFO     [32m[32mstep: 880 	 meta_lr 0.000500 	 training acc 0.28125 and training loss tensor(3.1017, device='cuda:0', grad_fn=<AddBackward0>), loss_auto: tensor(0.3040, device='cuda:0', grad_fn=<AddBackward0>), loss_pre: tensor(3.0713, device='cuda:0', grad_fn=<NllLossBackward0>)[0m[0m
experiment  : INFO     [32m[32mstep: 920 	 meta_lr 0.000500 	 training acc 0.28125 and training loss tensor(3.0490, device='cuda:0', grad_fn=<AddBackward0>), loss_auto: tensor(0.3093, device='cuda:0', grad_fn=<AddBackward0>), loss_pre: tensor(3.0180, device='cuda:0', grad_fn=<NllLossBackward0>)[0m[0m
experiment  : INFO     [32m[32mstep: 960 	 meta_lr 0.000500 	 training acc 0.25 and training loss tensor(3.5517, device='cuda:0', grad_fn=<AddBackward0>), loss_auto: tensor(0.3044, device='cuda:0', grad_fn=<AddBackward0>), loss_pre: tensor(3.5213, device='cuda:0', grad_fn=<NllLossBackward0>)[0m[0m
experiment  : INFO     [32m[32mstep: 1000 	 meta_lr 0.000500 	 training acc 0.21875 and training loss tensor(3.0256, device='cuda:0', grad_fn=<AddBackward0>), loss_auto: tensor(0.3246, device='cuda:0', grad_fn=<AddBackward0>), loss_pre: tensor(2.9932, device='cuda:0', grad_fn=<NllLossBackward0>)[0m[0m
experiment  : INFO     [32m[32mTrain Accuracy = 0.2669658687943262[0m[0m
experiment  : INFO     [32m[32mTest Accuracy = 0.0[0m[0m
experiment  : INFO     [32m[32mstep: 1040 	 meta_lr 0.000500 	 training acc 0.09375 and training loss tensor(3.6270, device='cuda:0', grad_fn=<AddBackward0>), loss_auto: tensor(0.3122, device='cuda:0', grad_fn=<AddBackward0>), loss_pre: tensor(3.5958, device='cuda:0', grad_fn=<NllLossBackward0>)[0m[0m
experiment  : INFO     [32m[32mstep: 1080 	 meta_lr 0.000500 	 training acc 0.125 and training loss tensor(3.3581, device='cuda:0', grad_fn=<AddBackward0>), loss_auto: tensor(0.2997, device='cuda:0', grad_fn=<AddBackward0>), loss_pre: tensor(3.3282, device='cuda:0', grad_fn=<NllLossBackward0>)[0m[0m
experiment  : INFO     [32m[32mstep: 1120 	 meta_lr 0.000500 	 training acc 0.203125 and training loss tensor(3.1614, device='cuda:0', grad_fn=<AddBackward0>), loss_auto: tensor(0.3099, device='cuda:0', grad_fn=<AddBackward0>), loss_pre: tensor(3.1305, device='cuda:0', grad_fn=<NllLossBackward0>)[0m[0m
experiment  : INFO     [32m[32mstep: 1160 	 meta_lr 0.000500 	 training acc 0.21875 and training loss tensor(3.2453, device='cuda:0', grad_fn=<AddBackward0>), loss_auto: tensor(0.3176, device='cuda:0', grad_fn=<AddBackward0>), loss_pre: tensor(3.2135, device='cuda:0', grad_fn=<NllLossBackward0>)[0m[0m
experiment  : INFO     [32m[32mstep: 1200 	 meta_lr 0.000500 	 training acc 0.3125 and training loss tensor(2.8364, device='cuda:0', grad_fn=<AddBackward0>), loss_auto: tensor(0.3146, device='cuda:0', grad_fn=<AddBackward0>), loss_pre: tensor(2.8050, device='cuda:0', grad_fn=<NllLossBackward0>)[0m[0m
experiment  : INFO     [32m[32mstep: 1240 	 meta_lr 0.000500 	 training acc 0.21875 and training loss tensor(2.8773, device='cuda:0', grad_fn=<AddBackward0>), loss_auto: tensor(0.3111, device='cuda:0', grad_fn=<AddBackward0>), loss_pre: tensor(2.8462, device='cuda:0', grad_fn=<NllLossBackward0>)[0m[0m
experiment  : INFO     [32m[32mstep: 1280 	 meta_lr 0.000500 	 training acc 0.375 and training loss tensor(2.8311, device='cuda:0', grad_fn=<AddBackward0>), loss_auto: tensor(0.3096, device='cuda:0', grad_fn=<AddBackward0>), loss_pre: tensor(2.8001, device='cuda:0', grad_fn=<NllLossBackward0>)[0m[0m
experiment  : INFO     [32m[32mstep: 1320 	 meta_lr 0.000500 	 training acc 0.171875 and training loss tensor(3.4308, device='cuda:0', grad_fn=<AddBackward0>), loss_auto: tensor(0.2984, device='cuda:0', grad_fn=<AddBackward0>), loss_pre: tensor(3.4009, device='cuda:0', grad_fn=<NllLossBackward0>)[0m[0m
experiment  : INFO     [32m[32mstep: 1360 	 meta_lr 0.000500 	 training acc 0.21875 and training loss tensor(2.7898, device='cuda:0', grad_fn=<AddBackward0>), loss_auto: tensor(0.3085, device='cuda:0', grad_fn=<AddBackward0>), loss_pre: tensor(2.7589, device='cuda:0', grad_fn=<NllLossBackward0>)[0m[0m
experiment  : INFO     [32m[32mstep: 1400 	 meta_lr 0.000500 	 training acc 0.265625 and training loss tensor(2.8837, device='cuda:0', grad_fn=<AddBackward0>), loss_auto: tensor(0.2950, device='cuda:0', grad_fn=<AddBackward0>), loss_pre: tensor(2.8542, device='cuda:0', grad_fn=<NllLossBackward0>)[0m[0m
experiment  : INFO     [32m[32mstep: 1440 	 meta_lr 0.000500 	 training acc 0.21875 and training loss tensor(3.4477, device='cuda:0', grad_fn=<AddBackward0>), loss_auto: tensor(0.3158, device='cuda:0', grad_fn=<AddBackward0>), loss_pre: tensor(3.4162, device='cuda:0', grad_fn=<NllLossBackward0>)[0m[0m
experiment  : INFO     [32m[32mstep: 1480 	 meta_lr 0.000500 	 training acc 0.25 and training loss tensor(2.8476, device='cuda:0', grad_fn=<AddBackward0>), loss_auto: tensor(0.3107, device='cuda:0', grad_fn=<AddBackward0>), loss_pre: tensor(2.8165, device='cuda:0', grad_fn=<NllLossBackward0>)[0m[0m
experiment  : INFO     [32m[32mTrain Accuracy = 0.3201019503546099[0m[0m
experiment  : INFO     [32m[32mTest Accuracy = 0.0[0m[0m
experiment  : INFO     [32m[32mstep: 1520 	 meta_lr 0.000500 	 training acc 0.234375 and training loss tensor(2.8159, device='cuda:0', grad_fn=<AddBackward0>), loss_auto: tensor(0.3046, device='cuda:0', grad_fn=<AddBackward0>), loss_pre: tensor(2.7855, device='cuda:0', grad_fn=<NllLossBackward0>)[0m[0m
experiment  : INFO     [32m[32mstep: 1560 	 meta_lr 0.000500 	 training acc 0.15625 and training loss tensor(3.2118, device='cuda:0', grad_fn=<AddBackward0>), loss_auto: tensor(0.3014, device='cuda:0', grad_fn=<AddBackward0>), loss_pre: tensor(3.1816, device='cuda:0', grad_fn=<NllLossBackward0>)[0m[0m
experiment  : INFO     [32m[32mReplay event 200 at meta iteration 1600: replayed=24, buffer=1000/1000, total_replayed=4800[0m[0m
experiment  : INFO     [32m[32mstep: 1600 	 meta_lr 0.000500 	 training acc 0.265625 and training loss tensor(3.0119, device='cuda:0', grad_fn=<AddBackward0>), loss_auto: tensor(0.3080, device='cuda:0', grad_fn=<AddBackward0>), loss_pre: tensor(2.9811, device='cuda:0', grad_fn=<NllLossBackward0>)[0m[0m
experiment  : INFO     [32m[32mstep: 1640 	 meta_lr 0.000500 	 training acc 0.203125 and training loss tensor(3.1615, device='cuda:0', grad_fn=<AddBackward0>), loss_auto: tensor(0.3072, device='cuda:0', grad_fn=<AddBackward0>), loss_pre: tensor(3.1308, device='cuda:0', grad_fn=<NllLossBackward0>)[0m[0m
experiment  : INFO     [32m[32mstep: 1680 	 meta_lr 0.000500 	 training acc 0.171875 and training loss tensor(2.8364, device='cuda:0', grad_fn=<AddBackward0>), loss_auto: tensor(0.3055, device='cuda:0', grad_fn=<AddBackward0>), loss_pre: tensor(2.8059, device='cuda:0', grad_fn=<NllLossBackward0>)[0m[0m
experiment  : INFO     [32m[32mstep: 1720 	 meta_lr 0.000500 	 training acc 0.234375 and training loss tensor(3.1563, device='cuda:0', grad_fn=<AddBackward0>), loss_auto: tensor(0.3048, device='cuda:0', grad_fn=<AddBackward0>), loss_pre: tensor(3.1258, device='cuda:0', grad_fn=<NllLossBackward0>)[0m[0m
experiment  : INFO     [32m[32mstep: 1760 	 meta_lr 0.000500 	 training acc 0.390625 and training loss tensor(2.7051, device='cuda:0', grad_fn=<AddBackward0>), loss_auto: tensor(0.3040, device='cuda:0', grad_fn=<AddBackward0>), loss_pre: tensor(2.6747, device='cuda:0', grad_fn=<NllLossBackward0>)[0m[0m
experiment  : INFO     [32m[32mstep: 1800 	 meta_lr 0.000500 	 training acc 0.34375 and training loss tensor(2.7084, device='cuda:0', grad_fn=<AddBackward0>), loss_auto: tensor(0.3111, device='cuda:0', grad_fn=<AddBackward0>), loss_pre: tensor(2.6773, device='cuda:0', grad_fn=<NllLossBackward0>)[0m[0m
experiment  : INFO     [32m[32mstep: 1840 	 meta_lr 0.000500 	 training acc 0.28125 and training loss tensor(2.8568, device='cuda:0', grad_fn=<AddBackward0>), loss_auto: tensor(0.3037, device='cuda:0', grad_fn=<AddBackward0>), loss_pre: tensor(2.8265, device='cuda:0', grad_fn=<NllLossBackward0>)[0m[0m
experiment  : INFO     [32m[32mstep: 1880 	 meta_lr 0.000500 	 training acc 0.265625 and training loss tensor(2.8865, device='cuda:0', grad_fn=<AddBackward0>), loss_auto: tensor(0.3064, device='cuda:0', grad_fn=<AddBackward0>), loss_pre: tensor(2.8558, device='cuda:0', grad_fn=<NllLossBackward0>)[0m[0m
experiment  : INFO     [32m[32mstep: 1920 	 meta_lr 0.000500 	 training acc 0.140625 and training loss tensor(3.1324, device='cuda:0', grad_fn=<AddBackward0>), loss_auto: tensor(0.3063, device='cuda:0', grad_fn=<AddBackward0>), loss_pre: tensor(3.1018, device='cuda:0', grad_fn=<NllLossBackward0>)[0m[0m
experiment  : INFO     [32m[32mstep: 1960 	 meta_lr 0.000500 	 training acc 0.3125 and training loss tensor(3.0802, device='cuda:0', grad_fn=<AddBackward0>), loss_auto: tensor(0.3122, device='cuda:0', grad_fn=<AddBackward0>), loss_pre: tensor(3.0490, device='cuda:0', grad_fn=<NllLossBackward0>)[0m[0m
experiment  : INFO     [32m[32mFinal replay status: {'mode': 'fse', 'enabled': True, 'buffer_length': 1000, 'buffer_capacity': 1000, 'replay_events': 249, 'total_replayed_samples': 5976, 'last_replay_count': 24, 'samples_since_replay': 512, 'replay_gap': 480, 'replay_rate': 0.05, 'top_p': 32, 'partitions': 10}[0m[0m
