nohup: ignoring input
Namespace(steps=2000, model_name='cifar100_main_models/cifar100_10_fseml_er_2000_seed9.net', treatment='FSEML', checkpoint=False, saved_model='FSEML_Model_20260427_main.net', seed=9, seeds=[10], tasks=1, meta_lr=0.0005, meta_lr_schedule_steps=[], meta_lr_schedule_values=[], update_lr=0.1, update_step=10, name='CIFAR100/0_0005/cifar100_10_fseml_er_2000_seed9', dataset='CIFAR100', data_root='../data/cifar100', classes_per_task=10, task_protocol='cifar100_protocols/cifar100_10classes_seed9.json', query_scope='global', support_sampling='balanced', no_data_augmentation=False, num_workers=4, encoder_channels=32, latent_dim=128, adapter_dim=256, sparsity_target=0.05, sparsity_weight=0.005, reconstruction_weight=0.1, weight_decay_weight=0.0, fda_weight=0.1, commit=False, no_reset=True, rln=6, replay=True, replay_mode='fse', replay_buffer_size=1000, replay_gap=960, replay_rate=0.05, replay_top_p=32, replay_partitions=10, visualize_replay=False, replay_viz_dir='replay_visualizations', replay_viz_max=10, replay_analysis_dir=None, replay_analysis_max_events=0, replay_analysis_plot_events=[], replay_analysis_cumulative_plot_events=[], replay_analysis_cumulative_plot_max_points=0, replay_analysis_track_events=[], replay_analysis_track_all_events=False, replay_analysis_track_count=0, replay_analysis_run_id='20260428_01', replay_analysis_expanded_eval_samples=0, replay_analysis_save_probe_data=False, reconstruction_fidelity=False, reference_classifier=None, final_fidelity_export=False, fidelity_eval_batch_size=128, model='none')
{'steps': 2000, 'model_name': 'cifar100_main_models/cifar100_10_fseml_er_2000_seed9.net', 'treatment': 'FSEML', 'checkpoint': False, 'saved_model': 'FSEML_Model_20260427_main.net', 'seed': 9, 'seeds': [10], 'tasks': 1, 'meta_lr': 0.0005, 'meta_lr_schedule_steps': [], 'meta_lr_schedule_values': [], 'update_lr': 0.1, 'update_step': 10, 'name': 'CIFAR100/0_0005/cifar100_10_fseml_er_2000_seed9', 'dataset': 'CIFAR100', 'data_root': '../data/cifar100', 'classes_per_task': 10, 'task_protocol': 'cifar100_protocols/cifar100_10classes_seed9.json', 'query_scope': 'global', 'support_sampling': 'balanced', 'no_data_augmentation': False, 'num_workers': 4, 'encoder_channels': 32, 'latent_dim': 128, 'adapter_dim': 256, 'sparsity_target': 0.05, 'sparsity_weight': 0.005, 'reconstruction_weight': 0.1, 'weight_decay_weight': 0.0, 'fda_weight': 0.1, 'commit': False, 'no_reset': True, 'rln': 6, 'replay': True, 'replay_mode': 'fse', 'replay_buffer_size': 1000, 'replay_gap': 960, 'replay_rate': 0.05, 'replay_top_p': 32, 'replay_partitions': 10, 'visualize_replay': False, 'replay_viz_dir': 'replay_visualizations', 'replay_viz_max': 10, 'replay_analysis_dir': None, 'replay_analysis_max_events': 0, 'replay_analysis_plot_events': [], 'replay_analysis_cumulative_plot_events': [], 'replay_analysis_cumulative_plot_max_points': 0, 'replay_analysis_track_events': [], 'replay_analysis_track_all_events': False, 'replay_analysis_track_count': 0, 'replay_analysis_run_id': '20260428_01', 'replay_analysis_expanded_eval_samples': 0, 'replay_analysis_save_probe_data': False, 'reconstruction_fidelity': False, 'reference_classifier': None, 'final_fidelity_export': False, 'fidelity_eval_batch_size': 128, 'model': 'none'}
experiment  : INFO     [32m[32mRun code dir = ANML-master_20260804[0m[0m
experiment  : INFO     [32m[32mRun cwd = /home/drizzle/FSEML-rewrite-2026/ANML-master_20260804[0m[0m
experiment  : INFO     [32m[32mCommand args = python mrcl_classification.py --dataset CIFAR100 --data-root ../data/cifar100 --classes-per-task 10 --task-protocol cifar100_protocols/cifar100_10classes_seed9.json --model_name cifar100_main_models/cifar100_10_fseml_er_2000_seed9.net --steps 2000 --name cifar100_10_fseml_er_2000_seed9 --treatment FSEML --seed 9 --tasks 1 --meta_lr 0.0005 --update_lr 0.1 --update_step 10 --num-workers 4 --encoder-channels 32 --latent-dim 128 --adapter-dim 256 --sparsity-target 0.05 --sparsity-weight 0.005 --reconstruction-weight 0.1 --weight-decay-weight 0.0 --fda-weight 0.1 --query-scope global --support-sampling balanced --no-reset --replay --replay-mode fse --replay-buffer-size 1000 --replay-gap 960 --replay-rate 0.05 --replay-top-p 32 --replay-partitions 10[0m[0m
CIFAR100 found locally: /home/drizzle/FSEML-rewrite-2026/data/cifar100
CIFAR100 found locally: /home/drizzle/FSEML-rewrite-2026/data/cifar100
CIFAR100 found locally: /home/drizzle/FSEML-rewrite-2026/data/cifar100
experiment  : INFO     [32m[32mCIFAR100-10 protocol: 6 meta-train tasks, 4 meta-test tasks; query scope: global; classifier reset: False; support sampling: balanced[0m[0m
experiment  : INFO     [32m[32mReplay protocol: enabled=True, mode=fse, buffer=1000, gap=960 samples, rate=0.0500, top_p=32, partitions=10[0m[0m
[W805 15:40:15.658924669 NNPACK.cpp:57] Could not initialize NNPACK! Reason: Unsupported hardware.
[W805 15:40:15.782274647 NNPACK.cpp:57] Could not initialize NNPACK! Reason: Unsupported hardware.
[W805 15:40:15.883347697 NNPACK.cpp:57] Could not initialize NNPACK! Reason: Unsupported hardware.
experiment  : INFO     [32m[32mstep: 0 	 meta_lr 0.000500 	 training acc 0.03125 and training loss tensor(4.6693, device='cuda:0', grad_fn=<AddBackward0>), loss_auto: tensor(0.3641, device='cuda:0', grad_fn=<AddBackward0>), loss_pre: tensor(4.6329, device='cuda:0', grad_fn=<NllLossBackward0>)[0m[0m
experiment  : INFO     [32m[32mReplay event 1 at meta iteration 15: replayed=48, buffer=480/1000, total_replayed=48[0m[0m
experiment  : INFO     [32m[32mReplay event 2 at meta iteration 30: replayed=48, buffer=875/1000, total_replayed=96[0m[0m
experiment  : INFO     [32m[32mstep: 40 	 meta_lr 0.000500 	 training acc 0.09375 and training loss tensor(4.0348, device='cuda:0', grad_fn=<AddBackward0>), loss_auto: tensor(0.3158, device='cuda:0', grad_fn=<AddBackward0>), loss_pre: tensor(4.0032, device='cuda:0', grad_fn=<NllLossBackward0>)[0m[0m
experiment  : INFO     [32m[32mReplay event 3 at meta iteration 45: replayed=48, buffer=976/1000, total_replayed=144[0m[0m
experiment  : INFO     [32m[32mReplay event 4 at meta iteration 60: replayed=48, buffer=1000/1000, total_replayed=192[0m[0m
experiment  : INFO     [32m[32mReplay event 5 at meta iteration 75: replayed=48, buffer=1000/1000, total_replayed=240[0m[0m
experiment  : INFO     [32m[32mstep: 80 	 meta_lr 0.000500 	 training acc 0.09375 and training loss tensor(3.9137, device='cuda:0', grad_fn=<AddBackward0>), loss_auto: tensor(0.3318, device='cuda:0', grad_fn=<AddBackward0>), loss_pre: tensor(3.8805, device='cuda:0', grad_fn=<NllLossBackward0>)[0m[0m
experiment  : INFO     [32m[32mstep: 120 	 meta_lr 0.000500 	 training acc 0.09375 and training loss tensor(3.6694, device='cuda:0', grad_fn=<AddBackward0>), loss_auto: tensor(0.3222, device='cuda:0', grad_fn=<AddBackward0>), loss_pre: tensor(3.6372, device='cuda:0', grad_fn=<NllLossBackward0>)[0m[0m
experiment  : INFO     [32m[32mstep: 160 	 meta_lr 0.000500 	 training acc 0.15625 and training loss tensor(3.5219, device='cuda:0', grad_fn=<AddBackward0>), loss_auto: tensor(0.3176, device='cuda:0', grad_fn=<AddBackward0>), loss_pre: tensor(3.4901, device='cuda:0', grad_fn=<NllLossBackward0>)[0m[0m
experiment  : INFO     [32m[32mstep: 200 	 meta_lr 0.000500 	 training acc 0.09375 and training loss tensor(3.7077, device='cuda:0', grad_fn=<AddBackward0>), loss_auto: tensor(0.3062, device='cuda:0', grad_fn=<AddBackward0>), loss_pre: tensor(3.6770, device='cuda:0', grad_fn=<NllLossBackward0>)[0m[0m
experiment  : INFO     [32m[32mstep: 240 	 meta_lr 0.000500 	 training acc 0.140625 and training loss tensor(3.4155, device='cuda:0', grad_fn=<AddBackward0>), loss_auto: tensor(0.3110, device='cuda:0', grad_fn=<AddBackward0>), loss_pre: tensor(3.3844, device='cuda:0', grad_fn=<NllLossBackward0>)[0m[0m
experiment  : INFO     [32m[32mstep: 280 	 meta_lr 0.000500 	 training acc 0.078125 and training loss tensor(3.4804, device='cuda:0', grad_fn=<AddBackward0>), loss_auto: tensor(0.3029, device='cuda:0', grad_fn=<AddBackward0>), loss_pre: tensor(3.4501, device='cuda:0', grad_fn=<NllLossBackward0>)[0m[0m
experiment  : INFO     [32m[32mstep: 320 	 meta_lr 0.000500 	 training acc 0.15625 and training loss tensor(3.5662, device='cuda:0', grad_fn=<AddBackward0>), loss_auto: tensor(0.3146, device='cuda:0', grad_fn=<AddBackward0>), loss_pre: tensor(3.5347, device='cuda:0', grad_fn=<NllLossBackward0>)[0m[0m
experiment  : INFO     [32m[32mstep: 360 	 meta_lr 0.000500 	 training acc 0.1875 and training loss tensor(3.4648, device='cuda:0', grad_fn=<AddBackward0>), loss_auto: tensor(0.3096, device='cuda:0', grad_fn=<AddBackward0>), loss_pre: tensor(3.4339, device='cuda:0', grad_fn=<NllLossBackward0>)[0m[0m
experiment  : INFO     [32m[32mstep: 400 	 meta_lr 0.000500 	 training acc 0.1875 and training loss tensor(3.4650, device='cuda:0', grad_fn=<AddBackward0>), loss_auto: tensor(0.3127, device='cuda:0', grad_fn=<AddBackward0>), loss_pre: tensor(3.4338, device='cuda:0', grad_fn=<NllLossBackward0>)[0m[0m
experiment  : INFO     [32m[32mstep: 440 	 meta_lr 0.000500 	 training acc 0.1875 and training loss tensor(3.2156, device='cuda:0', grad_fn=<AddBackward0>), loss_auto: tensor(0.3083, device='cuda:0', grad_fn=<AddBackward0>), loss_pre: tensor(3.1848, device='cuda:0', grad_fn=<NllLossBackward0>)[0m[0m
experiment  : INFO     [32m[32mstep: 480 	 meta_lr 0.000500 	 training acc 0.1875 and training loss tensor(3.2687, device='cuda:0', grad_fn=<AddBackward0>), loss_auto: tensor(0.2987, device='cuda:0', grad_fn=<AddBackward0>), loss_pre: tensor(3.2388, device='cuda:0', grad_fn=<NllLossBackward0>)[0m[0m
experiment  : INFO     [32m[32mTrain Accuracy = 0.19150044326241134[0m[0m
experiment  : INFO     [32m[32mTest Accuracy = 0.0[0m[0m
experiment  : INFO     [32m[32mstep: 520 	 meta_lr 0.000500 	 training acc 0.203125 and training loss tensor(3.1656, device='cuda:0', grad_fn=<AddBackward0>), loss_auto: tensor(0.3109, device='cuda:0', grad_fn=<AddBackward0>), loss_pre: tensor(3.1345, device='cuda:0', grad_fn=<NllLossBackward0>)[0m[0m
experiment  : INFO     [32m[32mstep: 560 	 meta_lr 0.000500 	 training acc 0.21875 and training loss tensor(3.2436, device='cuda:0', grad_fn=<AddBackward0>), loss_auto: tensor(0.3164, device='cuda:0', grad_fn=<AddBackward0>), loss_pre: tensor(3.2120, device='cuda:0', grad_fn=<NllLossBackward0>)[0m[0m
experiment  : INFO     [32m[32mstep: 600 	 meta_lr 0.000500 	 training acc 0.140625 and training loss tensor(3.3157, device='cuda:0', grad_fn=<AddBackward0>), loss_auto: tensor(0.3206, device='cuda:0', grad_fn=<AddBackward0>), loss_pre: tensor(3.2836, device='cuda:0', grad_fn=<NllLossBackward0>)[0m[0m
experiment  : INFO     [32m[32mstep: 640 	 meta_lr 0.000500 	 training acc 0.09375 and training loss tensor(3.3553, device='cuda:0', grad_fn=<AddBackward0>), loss_auto: tensor(0.3082, device='cuda:0', grad_fn=<AddBackward0>), loss_pre: tensor(3.3245, device='cuda:0', grad_fn=<NllLossBackward0>)[0m[0m
experiment  : INFO     [32m[32mstep: 680 	 meta_lr 0.000500 	 training acc 0.15625 and training loss tensor(3.3403, device='cuda:0', grad_fn=<AddBackward0>), loss_auto: tensor(0.3060, device='cuda:0', grad_fn=<AddBackward0>), loss_pre: tensor(3.3097, device='cuda:0', grad_fn=<NllLossBackward0>)[0m[0m
experiment  : INFO     [32m[32mstep: 720 	 meta_lr 0.000500 	 training acc 0.203125 and training loss tensor(3.2550, device='cuda:0', grad_fn=<AddBackward0>), loss_auto: tensor(0.3042, device='cuda:0', grad_fn=<AddBackward0>), loss_pre: tensor(3.2246, device='cuda:0', grad_fn=<NllLossBackward0>)[0m[0m
experiment  : INFO     [32m[32mstep: 760 	 meta_lr 0.000500 	 training acc 0.15625 and training loss tensor(3.0663, device='cuda:0', grad_fn=<AddBackward0>), loss_auto: tensor(0.3148, device='cuda:0', grad_fn=<AddBackward0>), loss_pre: tensor(3.0348, device='cuda:0', grad_fn=<NllLossBackward0>)[0m[0m
experiment  : INFO     [32m[32mstep: 800 	 meta_lr 0.000500 	 training acc 0.203125 and training loss tensor(3.1917, device='cuda:0', grad_fn=<AddBackward0>), loss_auto: tensor(0.3159, device='cuda:0', grad_fn=<AddBackward0>), loss_pre: tensor(3.1602, device='cuda:0', grad_fn=<NllLossBackward0>)[0m[0m
experiment  : INFO     [32m[32mstep: 840 	 meta_lr 0.000500 	 training acc 0.171875 and training loss tensor(3.2879, device='cuda:0', grad_fn=<AddBackward0>), loss_auto: tensor(0.3133, device='cuda:0', grad_fn=<AddBackward0>), loss_pre: tensor(3.2566, device='cuda:0', grad_fn=<NllLossBackward0>)[0m[0m
experiment  : INFO     [32m[32mstep: 880 	 meta_lr 0.000500 	 training acc 0.171875 and training loss tensor(3.0359, device='cuda:0', grad_fn=<AddBackward0>), loss_auto: tensor(0.3032, device='cuda:0', grad_fn=<AddBackward0>), loss_pre: tensor(3.0056, device='cuda:0', grad_fn=<NllLossBackward0>)[0m[0m
experiment  : INFO     [32m[32mstep: 920 	 meta_lr 0.000500 	 training acc 0.234375 and training loss tensor(2.8551, device='cuda:0', grad_fn=<AddBackward0>), loss_auto: tensor(0.3069, device='cuda:0', grad_fn=<AddBackward0>), loss_pre: tensor(2.8244, device='cuda:0', grad_fn=<NllLossBackward0>)[0m[0m
experiment  : INFO     [32m[32mstep: 960 	 meta_lr 0.000500 	 training acc 0.25 and training loss tensor(3.0579, device='cuda:0', grad_fn=<AddBackward0>), loss_auto: tensor(0.3040, device='cuda:0', grad_fn=<AddBackward0>), loss_pre: tensor(3.0275, device='cuda:0', grad_fn=<NllLossBackward0>)[0m[0m
experiment  : INFO     [32m[32mstep: 1000 	 meta_lr 0.000500 	 training acc 0.265625 and training loss tensor(3.1343, device='cuda:0', grad_fn=<AddBackward0>), loss_auto: tensor(0.3102, device='cuda:0', grad_fn=<AddBackward0>), loss_pre: tensor(3.1032, device='cuda:0', grad_fn=<NllLossBackward0>)[0m[0m
experiment  : INFO     [32m[32mTrain Accuracy = 0.25529698581560284[0m[0m
experiment  : INFO     [32m[32mTest Accuracy = 0.0[0m[0m
experiment  : INFO     [32m[32mstep: 1040 	 meta_lr 0.000500 	 training acc 0.171875 and training loss tensor(2.9526, device='cuda:0', grad_fn=<AddBackward0>), loss_auto: tensor(0.3189, device='cuda:0', grad_fn=<AddBackward0>), loss_pre: tensor(2.9208, device='cuda:0', grad_fn=<NllLossBackward0>)[0m[0m
experiment  : INFO     [32m[32mstep: 1080 	 meta_lr 0.000500 	 training acc 0.15625 and training loss tensor(3.2076, device='cuda:0', grad_fn=<AddBackward0>), loss_auto: tensor(0.3192, device='cuda:0', grad_fn=<AddBackward0>), loss_pre: tensor(3.1756, device='cuda:0', grad_fn=<NllLossBackward0>)[0m[0m
experiment  : INFO     [32m[32mstep: 1120 	 meta_lr 0.000500 	 training acc 0.296875 and training loss tensor(2.8934, device='cuda:0', grad_fn=<AddBackward0>), loss_auto: tensor(0.3185, device='cuda:0', grad_fn=<AddBackward0>), loss_pre: tensor(2.8616, device='cuda:0', grad_fn=<NllLossBackward0>)[0m[0m
experiment  : INFO     [32m[32mstep: 1160 	 meta_lr 0.000500 	 training acc 0.109375 and training loss tensor(3.2042, device='cuda:0', grad_fn=<AddBackward0>), loss_auto: tensor(0.3041, device='cuda:0', grad_fn=<AddBackward0>), loss_pre: tensor(3.1738, device='cuda:0', grad_fn=<NllLossBackward0>)[0m[0m
experiment  : INFO     [32m[32mstep: 1200 	 meta_lr 0.000500 	 training acc 0.203125 and training loss tensor(3.1478, device='cuda:0', grad_fn=<AddBackward0>), loss_auto: tensor(0.3060, device='cuda:0', grad_fn=<AddBackward0>), loss_pre: tensor(3.1172, device='cuda:0', grad_fn=<NllLossBackward0>)[0m[0m
experiment  : INFO     [32m[32mstep: 1240 	 meta_lr 0.000500 	 training acc 0.078125 and training loss tensor(3.3431, device='cuda:0', grad_fn=<AddBackward0>), loss_auto: tensor(0.3169, device='cuda:0', grad_fn=<AddBackward0>), loss_pre: tensor(3.3114, device='cuda:0', grad_fn=<NllLossBackward0>)[0m[0m
experiment  : INFO     [32m[32mstep: 1280 	 meta_lr 0.000500 	 training acc 0.265625 and training loss tensor(2.8028, device='cuda:0', grad_fn=<AddBackward0>), loss_auto: tensor(0.3081, device='cuda:0', grad_fn=<AddBackward0>), loss_pre: tensor(2.7719, device='cuda:0', grad_fn=<NllLossBackward0>)[0m[0m
experiment  : INFO     [32m[32mstep: 1320 	 meta_lr 0.000500 	 training acc 0.34375 and training loss tensor(2.8041, device='cuda:0', grad_fn=<AddBackward0>), loss_auto: tensor(0.3129, device='cuda:0', grad_fn=<AddBackward0>), loss_pre: tensor(2.7728, device='cuda:0', grad_fn=<NllLossBackward0>)[0m[0m
experiment  : INFO     [32m[32mstep: 1360 	 meta_lr 0.000500 	 training acc 0.140625 and training loss tensor(3.3375, device='cuda:0', grad_fn=<AddBackward0>), loss_auto: tensor(0.3186, device='cuda:0', grad_fn=<AddBackward0>), loss_pre: tensor(3.3056, device='cuda:0', grad_fn=<NllLossBackward0>)[0m[0m
experiment  : INFO     [32m[32mstep: 1400 	 meta_lr 0.000500 	 training acc 0.25 and training loss tensor(2.6410, device='cuda:0', grad_fn=<AddBackward0>), loss_auto: tensor(0.3068, device='cuda:0', grad_fn=<AddBackward0>), loss_pre: tensor(2.6104, device='cuda:0', grad_fn=<NllLossBackward0>)[0m[0m
experiment  : INFO     [32m[32mstep: 1440 	 meta_lr 0.000500 	 training acc 0.25 and training loss tensor(2.6954, device='cuda:0', grad_fn=<AddBackward0>), loss_auto: tensor(0.3025, device='cuda:0', grad_fn=<AddBackward0>), loss_pre: tensor(2.6651, device='cuda:0', grad_fn=<NllLossBackward0>)[0m[0m
experiment  : INFO     [32m[32mstep: 1480 	 meta_lr 0.000500 	 training acc 0.296875 and training loss tensor(2.7700, device='cuda:0', grad_fn=<AddBackward0>), loss_auto: tensor(0.3121, device='cuda:0', grad_fn=<AddBackward0>), loss_pre: tensor(2.7387, device='cuda:0', grad_fn=<NllLossBackward0>)[0m[0m
experiment  : INFO     [32m[32mReplay event 100 at meta iteration 1500: replayed=48, buffer=1000/1000, total_replayed=4800[0m[0m
experiment  : INFO     [32m[32mTrain Accuracy = 0.293894060283688[0m[0m
experiment  : INFO     [32m[32mTest Accuracy = 0.0[0m[0m
experiment  : INFO     [32m[32mstep: 1520 	 meta_lr 0.000500 	 training acc 0.171875 and training loss tensor(2.8232, device='cuda:0', grad_fn=<AddBackward0>), loss_auto: tensor(0.3148, device='cuda:0', grad_fn=<AddBackward0>), loss_pre: tensor(2.7918, device='cuda:0', grad_fn=<NllLossBackward0>)[0m[0m
experiment  : INFO     [32m[32mstep: 1560 	 meta_lr 0.000500 	 training acc 0.296875 and training loss tensor(2.8798, device='cuda:0', grad_fn=<AddBackward0>), loss_auto: tensor(0.3022, device='cuda:0', grad_fn=<AddBackward0>), loss_pre: tensor(2.8496, device='cuda:0', grad_fn=<NllLossBackward0>)[0m[0m
experiment  : INFO     [32m[32mstep: 1600 	 meta_lr 0.000500 	 training acc 0.3125 and training loss tensor(2.4380, device='cuda:0', grad_fn=<AddBackward0>), loss_auto: tensor(0.3074, device='cuda:0', grad_fn=<AddBackward0>), loss_pre: tensor(2.4073, device='cuda:0', grad_fn=<NllLossBackward0>)[0m[0m
experiment  : INFO     [32m[32mstep: 1640 	 meta_lr 0.000500 	 training acc 0.28125 and training loss tensor(2.6313, device='cuda:0', grad_fn=<AddBackward0>), loss_auto: tensor(0.3125, device='cuda:0', grad_fn=<AddBackward0>), loss_pre: tensor(2.6000, device='cuda:0', grad_fn=<NllLossBackward0>)[0m[0m
experiment  : INFO     [32m[32mstep: 1680 	 meta_lr 0.000500 	 training acc 0.328125 and training loss tensor(2.9380, device='cuda:0', grad_fn=<AddBackward0>), loss_auto: tensor(0.3049, device='cuda:0', grad_fn=<AddBackward0>), loss_pre: tensor(2.9075, device='cuda:0', grad_fn=<NllLossBackward0>)[0m[0m
experiment  : INFO     [32m[32mstep: 1720 	 meta_lr 0.000500 	 training acc 0.34375 and training loss tensor(2.6077, device='cuda:0', grad_fn=<AddBackward0>), loss_auto: tensor(0.3147, device='cuda:0', grad_fn=<AddBackward0>), loss_pre: tensor(2.5763, device='cuda:0', grad_fn=<NllLossBackward0>)[0m[0m
experiment  : INFO     [32m[32mstep: 1760 	 meta_lr 0.000500 	 training acc 0.375 and training loss tensor(2.5639, device='cuda:0', grad_fn=<AddBackward0>), loss_auto: tensor(0.2974, device='cuda:0', grad_fn=<AddBackward0>), loss_pre: tensor(2.5342, device='cuda:0', grad_fn=<NllLossBackward0>)[0m[0m
experiment  : INFO     [32m[32mstep: 1800 	 meta_lr 0.000500 	 training acc 0.28125 and training loss tensor(2.6923, device='cuda:0', grad_fn=<AddBackward0>), loss_auto: tensor(0.3090, device='cuda:0', grad_fn=<AddBackward0>), loss_pre: tensor(2.6614, device='cuda:0', grad_fn=<NllLossBackward0>)[0m[0m
experiment  : INFO     [32m[32mstep: 1840 	 meta_lr 0.000500 	 training acc 0.40625 and training loss tensor(2.2411, device='cuda:0', grad_fn=<AddBackward0>), loss_auto: tensor(0.3225, device='cuda:0', grad_fn=<AddBackward0>), loss_pre: tensor(2.2088, device='cuda:0', grad_fn=<NllLossBackward0>)[0m[0m
experiment  : INFO     [32m[32mstep: 1880 	 meta_lr 0.000500 	 training acc 0.390625 and training loss tensor(2.4411, device='cuda:0', grad_fn=<AddBackward0>), loss_auto: tensor(0.3057, device='cuda:0', grad_fn=<AddBackward0>), loss_pre: tensor(2.4105, device='cuda:0', grad_fn=<NllLossBackward0>)[0m[0m
experiment  : INFO     [32m[32mstep: 1920 	 meta_lr 0.000500 	 training acc 0.1875 and training loss tensor(2.8035, device='cuda:0', grad_fn=<AddBackward0>), loss_auto: tensor(0.2977, device='cuda:0', grad_fn=<AddBackward0>), loss_pre: tensor(2.7737, device='cuda:0', grad_fn=<NllLossBackward0>)[0m[0m
experiment  : INFO     [32m[32mstep: 1960 	 meta_lr 0.000500 	 training acc 0.234375 and training loss tensor(2.8580, device='cuda:0', grad_fn=<AddBackward0>), loss_auto: tensor(0.3044, device='cuda:0', grad_fn=<AddBackward0>), loss_pre: tensor(2.8276, device='cuda:0', grad_fn=<NllLossBackward0>)[0m[0m
experiment  : INFO     [32m[32mFinal replay status: {'mode': 'fse', 'enabled': True, 'buffer_length': 1000, 'buffer_capacity': 1000, 'replay_events': 133, 'total_replayed_samples': 6384, 'last_replay_count': 48, 'samples_since_replay': 320, 'replay_gap': 960, 'replay_rate': 0.05, 'top_p': 32, 'partitions': 10}[0m[0m
