nohup: ignoring input
CIFAR100 found locally: /remote-home/elison/FSEML-rewrite-2026/data/cifar100
CIFAR100 found locally: /remote-home/elison/FSEML-rewrite-2026/data/cifar100
{"epoch": 1, "learning_rate": 0.1, "train_accuracy": 0.09406, "train_loss": 4.0586507556152345, "validation_accuracy": 0.1485, "validation_loss": 3.5735094089508057}
{"epoch": 2, "learning_rate": 0.09999383162408304, "train_accuracy": 0.19496, "train_loss": 3.548149505081177, "validation_accuracy": 0.2351, "validation_loss": 3.071349294281006}
{"epoch": 3, "learning_rate": 0.09997532801828658, "train_accuracy": 0.29232, "train_loss": 3.1282460342407226, "validation_accuracy": 0.2994, "validation_loss": 2.7202586212158204}
{"epoch": 4, "learning_rate": 0.09994449374809851, "train_accuracy": 0.37234, "train_loss": 2.822235898666382, "validation_accuracy": 0.3628, "validation_loss": 2.4335331089019774}
{"epoch": 5, "learning_rate": 0.09990133642141359, "train_accuracy": 0.41688, "train_loss": 2.6441574814605713, "validation_accuracy": 0.4151, "validation_loss": 2.22290128364563}
{"epoch": 6, "learning_rate": 0.09984586668665642, "train_accuracy": 0.44856, "train_loss": 2.5399384857940674, "validation_accuracy": 0.404, "validation_loss": 2.30509161529541}
{"epoch": 7, "learning_rate": 0.09977809823015402, "train_accuracy": 0.47424, "train_loss": 2.4564839588928225, "validation_accuracy": 0.3969, "validation_loss": 2.3665466173171996}
{"epoch": 8, "learning_rate": 0.09969804777275901, "train_accuracy": 0.48492, "train_loss": 2.4096286891937257, "validation_accuracy": 0.3963, "validation_loss": 2.39510495262146}
{"epoch": 9, "learning_rate": 0.09960573506572391, "train_accuracy": 0.49966, "train_loss": 2.3696266259002687, "validation_accuracy": 0.424, "validation_loss": 2.224211040687561}
{"epoch": 10, "learning_rate": 0.09950118288582789, "train_accuracy": 0.50992, "train_loss": 2.333546269226074, "validation_accuracy": 0.4711, "validation_loss": 2.0016285903930666}
{"epoch": 11, "learning_rate": 0.09938441702975691, "train_accuracy": 0.5136, "train_loss": 2.3111722869873046, "validation_accuracy": 0.4773, "validation_loss": 1.9709666198730469}
{"epoch": 12, "learning_rate": 0.09925546630773871, "train_accuracy": 0.5231, "train_loss": 2.283719158248901, "validation_accuracy": 0.4655, "validation_loss": 2.0486566318511965}
{"epoch": 13, "learning_rate": 0.09911436253643445, "train_accuracy": 0.52732, "train_loss": 2.272070025177002, "validation_accuracy": 0.4282, "validation_loss": 2.256821475982666}
{"epoch": 14, "learning_rate": 0.0989611405310883, "train_accuracy": 0.53388, "train_loss": 2.24823758354187, "validation_accuracy": 0.4733, "validation_loss": 2.0154508670806885}
{"epoch": 15, "learning_rate": 0.09879583809693739, "train_accuracy": 0.53826, "train_loss": 2.2358146614074705, "validation_accuracy": 0.4391, "validation_loss": 2.2457267196655275}
{"epoch": 16, "learning_rate": 0.09861849601988384, "train_accuracy": 0.54266, "train_loss": 2.2224627046966554, "validation_accuracy": 0.4767, "validation_loss": 2.029029172706604}
{"epoch": 17, "learning_rate": 0.09842915805643157, "train_accuracy": 0.54778, "train_loss": 2.2065566081237793, "validation_accuracy": 0.3764, "validation_loss": 2.5528796115875245}
{"epoch": 18, "learning_rate": 0.09822787092288993, "train_accuracy": 0.54798, "train_loss": 2.2075391802978515, "validation_accuracy": 0.4298, "validation_loss": 2.351368022918701}
{"epoch": 19, "learning_rate": 0.09801468428384717, "train_accuracy": 0.55372, "train_loss": 2.1905122345733643, "validation_accuracy": 0.4827, "validation_loss": 2.001142426300049}
{"epoch": 20, "learning_rate": 0.09778965073991652, "train_accuracy": 0.55456, "train_loss": 2.1815675061798094, "validation_accuracy": 0.4822, "validation_loss": 1.9766294593811036}
{"epoch": 21, "learning_rate": 0.0975528258147577, "train_accuracy": 0.55826, "train_loss": 2.1752378407287596, "validation_accuracy": 0.4724, "validation_loss": 2.0203657278060914}
{"epoch": 22, "learning_rate": 0.09730426794137728, "train_accuracy": 0.55998, "train_loss": 2.16737798538208, "validation_accuracy": 0.4974, "validation_loss": 1.9145806816101074}
{"epoch": 23, "learning_rate": 0.09704403844771128, "train_accuracy": 0.5644, "train_loss": 2.1600490840148927, "validation_accuracy": 0.4857, "validation_loss": 1.960459359741211}
{"epoch": 24, "learning_rate": 0.09677220154149338, "train_accuracy": 0.56532, "train_loss": 2.1578462519836425, "validation_accuracy": 0.5028, "validation_loss": 1.910095051574707}
{"epoch": 25, "learning_rate": 0.09648882429441258, "train_accuracy": 0.56742, "train_loss": 2.1437204459381105, "validation_accuracy": 0.5087, "validation_loss": 1.8876349340438843}
{"epoch": 26, "learning_rate": 0.09619397662556435, "train_accuracy": 0.56802, "train_loss": 2.1481831465911867, "validation_accuracy": 0.5075, "validation_loss": 1.876881909751892}
{"epoch": 27, "learning_rate": 0.09588773128419906, "train_accuracy": 0.56728, "train_loss": 2.140455419464111, "validation_accuracy": 0.4961, "validation_loss": 1.9709978076934815}
{"epoch": 28, "learning_rate": 0.09557016383177226, "train_accuracy": 0.57108, "train_loss": 2.132006900558472, "validation_accuracy": 0.4848, "validation_loss": 1.9750360752105713}
{"epoch": 29, "learning_rate": 0.09524135262330098, "train_accuracy": 0.57334, "train_loss": 2.1282066708374026, "validation_accuracy": 0.4636, "validation_loss": 2.0973107191085814}
{"epoch": 30, "learning_rate": 0.09490137878803079, "train_accuracy": 0.57334, "train_loss": 2.1247442054748533, "validation_accuracy": 0.4828, "validation_loss": 2.0278846118927003}
{"epoch": 31, "learning_rate": 0.0945503262094184, "train_accuracy": 0.5726, "train_loss": 2.119527797470093, "validation_accuracy": 0.4678, "validation_loss": 2.0610676807403565}
{"epoch": 32, "learning_rate": 0.0941882815044347, "train_accuracy": 0.57748, "train_loss": 2.114518282775879, "validation_accuracy": 0.5359, "validation_loss": 1.7418323526382447}
{"epoch": 33, "learning_rate": 0.09381533400219319, "train_accuracy": 0.57808, "train_loss": 2.1102090242004397, "validation_accuracy": 0.4721, "validation_loss": 2.06242559967041}
{"epoch": 34, "learning_rate": 0.09343157572190958, "train_accuracy": 0.58144, "train_loss": 2.0994522323608398, "validation_accuracy": 0.4858, "validation_loss": 1.9739731143951416}
{"epoch": 35, "learning_rate": 0.0930371013501972, "train_accuracy": 0.57832, "train_loss": 2.1045762939453123, "validation_accuracy": 0.5357, "validation_loss": 1.7458627668380737}
{"epoch": 36, "learning_rate": 0.09263200821770463, "train_accuracy": 0.58266, "train_loss": 2.0939568703460694, "validation_accuracy": 0.4642, "validation_loss": 2.0943691062927248}
{"epoch": 37, "learning_rate": 0.09221639627510078, "train_accuracy": 0.58228, "train_loss": 2.0925128943634035, "validation_accuracy": 0.5279, "validation_loss": 1.804572129058838}
{"epoch": 38, "learning_rate": 0.09179036806841355, "train_accuracy": 0.58468, "train_loss": 2.0852130314636232, "validation_accuracy": 0.4948, "validation_loss": 1.9557273223876954}
{"epoch": 39, "learning_rate": 0.09135402871372812, "train_accuracy": 0.58306, "train_loss": 2.085737542037964, "validation_accuracy": 0.5133, "validation_loss": 1.8599215822219848}
{"epoch": 40, "learning_rate": 0.0909074858712512, "train_accuracy": 0.58656, "train_loss": 2.077394213485718, "validation_accuracy": 0.5256, "validation_loss": 1.8143445457458496}
{"epoch": 41, "learning_rate": 0.09045084971874741, "train_accuracy": 0.5886, "train_loss": 2.0765534127807617, "validation_accuracy": 0.5171, "validation_loss": 1.8243004667282106}
{"epoch": 42, "learning_rate": 0.08998423292435458, "train_accuracy": 0.59076, "train_loss": 2.065012456817627, "validation_accuracy": 0.5336, "validation_loss": 1.7765530006408692}
{"epoch": 43, "learning_rate": 0.08950775061878455, "train_accuracy": 0.59372, "train_loss": 2.064295003051758, "validation_accuracy": 0.5059, "validation_loss": 1.9098870895385742}
{"epoch": 44, "learning_rate": 0.08902152036691653, "train_accuracy": 0.59048, "train_loss": 2.064419067077637, "validation_accuracy": 0.5157, "validation_loss": 1.8397661365509033}
{"epoch": 45, "learning_rate": 0.08852566213878951, "train_accuracy": 0.59452, "train_loss": 2.0571586387634277, "validation_accuracy": 0.527, "validation_loss": 1.8169271295547484}
{"epoch": 46, "learning_rate": 0.0880202982800016, "train_accuracy": 0.59788, "train_loss": 2.0463204313659666, "validation_accuracy": 0.5169, "validation_loss": 1.8588224206924437}
{"epoch": 47, "learning_rate": 0.08750555348152303, "train_accuracy": 0.60116, "train_loss": 2.0384923916625977, "validation_accuracy": 0.5084, "validation_loss": 1.9091139270782471}
{"epoch": 48, "learning_rate": 0.08698155474893052, "train_accuracy": 0.59694, "train_loss": 2.049820333175659, "validation_accuracy": 0.5438, "validation_loss": 1.726187936782837}
{"epoch": 49, "learning_rate": 0.08644843137107061, "train_accuracy": 0.60122, "train_loss": 2.0413215518188474, "validation_accuracy": 0.5285, "validation_loss": 1.8142363241195678}
{"epoch": 50, "learning_rate": 0.08590631488815947, "train_accuracy": 0.59876, "train_loss": 2.0372959701538087, "validation_accuracy": 0.5146, "validation_loss": 1.827204292678833}
{"epoch": 51, "learning_rate": 0.0853553390593274, "train_accuracy": 0.60166, "train_loss": 2.0266930730056765, "validation_accuracy": 0.5046, "validation_loss": 1.9173016216278076}
{"epoch": 52, "learning_rate": 0.08479563982961574, "train_accuracy": 0.60322, "train_loss": 2.03206318359375, "validation_accuracy": 0.5526, "validation_loss": 1.7188542701721192}
{"epoch": 53, "learning_rate": 0.08422735529643446, "train_accuracy": 0.6052, "train_loss": 2.0218362516403197, "validation_accuracy": 0.5208, "validation_loss": 1.824196370124817}
{"epoch": 54, "learning_rate": 0.08365062567548869, "train_accuracy": 0.60514, "train_loss": 2.023132981338501, "validation_accuracy": 0.5456, "validation_loss": 1.7559976886749267}
{"epoch": 55, "learning_rate": 0.08306559326618261, "train_accuracy": 0.61098, "train_loss": 2.0076393599700926, "validation_accuracy": 0.5157, "validation_loss": 1.900870027923584}
{"epoch": 56, "learning_rate": 0.0824724024165092, "train_accuracy": 0.60856, "train_loss": 2.011610643386841, "validation_accuracy": 0.518, "validation_loss": 1.8392877578735352}
{"epoch": 57, "learning_rate": 0.0818711994874345, "train_accuracy": 0.61186, "train_loss": 2.0048643197631835, "validation_accuracy": 0.5613, "validation_loss": 1.7020037151336669}
{"epoch": 58, "learning_rate": 0.08126213281678528, "train_accuracy": 0.61074, "train_loss": 1.9966825144958495, "validation_accuracy": 0.5402, "validation_loss": 1.7663819101333618}
{"epoch": 59, "learning_rate": 0.08064535268264884, "train_accuracy": 0.61154, "train_loss": 1.9950603092956543, "validation_accuracy": 0.5449, "validation_loss": 1.7227220462799073}
{"epoch": 60, "learning_rate": 0.08002101126629421, "train_accuracy": 0.61716, "train_loss": 1.9852106042480469, "validation_accuracy": 0.5214, "validation_loss": 1.8646082342147827}
{"epoch": 61, "learning_rate": 0.07938926261462367, "train_accuracy": 0.61484, "train_loss": 1.9838716849517821, "validation_accuracy": 0.5103, "validation_loss": 1.917199528503418}
{"epoch": 62, "learning_rate": 0.07875026260216395, "train_accuracy": 0.6172, "train_loss": 1.9816713412094116, "validation_accuracy": 0.5308, "validation_loss": 1.797393793296814}
{"epoch": 63, "learning_rate": 0.07810416889260656, "train_accuracy": 0.62062, "train_loss": 1.968415101852417, "validation_accuracy": 0.5387, "validation_loss": 1.7382921005249024}
{"epoch": 64, "learning_rate": 0.07745114089990661, "train_accuracy": 0.62248, "train_loss": 1.9632576746749877, "validation_accuracy": 0.5396, "validation_loss": 1.7821299686431884}
{"epoch": 65, "learning_rate": 0.07679133974894985, "train_accuracy": 0.62238, "train_loss": 1.962280107269287, "validation_accuracy": 0.5591, "validation_loss": 1.6866141843795777}
{"epoch": 66, "learning_rate": 0.07612492823579746, "train_accuracy": 0.62382, "train_loss": 1.9597990655517579, "validation_accuracy": 0.522, "validation_loss": 1.8410256607055664}
{"epoch": 67, "learning_rate": 0.07545207078751859, "train_accuracy": 0.62576, "train_loss": 1.9520744966125487, "validation_accuracy": 0.5496, "validation_loss": 1.7355251657485962}
{"epoch": 68, "learning_rate": 0.0747729334216204, "train_accuracy": 0.62912, "train_loss": 1.947580075302124, "validation_accuracy": 0.5087, "validation_loss": 1.9340629547119141}
{"epoch": 69, "learning_rate": 0.07408768370508578, "train_accuracy": 0.63106, "train_loss": 1.9395652701568604, "validation_accuracy": 0.5209, "validation_loss": 1.8760802207946778}
{"epoch": 70, "learning_rate": 0.0733964907130287, "train_accuracy": 0.62984, "train_loss": 1.9324876802825928, "validation_accuracy": 0.5481, "validation_loss": 1.7403992612838746}
{"epoch": 71, "learning_rate": 0.07269952498697736, "train_accuracy": 0.6312, "train_loss": 1.938089841003418, "validation_accuracy": 0.566, "validation_loss": 1.6332376914978026}
{"epoch": 72, "learning_rate": 0.07199695849279578, "train_accuracy": 0.6351, "train_loss": 1.9236171505737305, "validation_accuracy": 0.5391, "validation_loss": 1.778158417892456}
{"epoch": 73, "learning_rate": 0.07128896457825366, "train_accuracy": 0.63238, "train_loss": 1.9208120977020264, "validation_accuracy": 0.5542, "validation_loss": 1.6876407554626465}
{"epoch": 74, "learning_rate": 0.07057571793025548, "train_accuracy": 0.63526, "train_loss": 1.9175010629272462, "validation_accuracy": 0.5621, "validation_loss": 1.6614344341278076}
{"epoch": 75, "learning_rate": 0.06985739453173906, "train_accuracy": 0.64126, "train_loss": 1.9032711544799805, "validation_accuracy": 0.5851, "validation_loss": 1.5504279094696045}
{"epoch": 76, "learning_rate": 0.06913417161825453, "train_accuracy": 0.64336, "train_loss": 1.8974024048614502, "validation_accuracy": 0.5262, "validation_loss": 1.856811441230774}
{"epoch": 77, "learning_rate": 0.06840622763423394, "train_accuracy": 0.6458, "train_loss": 1.8898101458740235, "validation_accuracy": 0.5524, "validation_loss": 1.7307504322052}
{"epoch": 78, "learning_rate": 0.0676737421889629, "train_accuracy": 0.64488, "train_loss": 1.8881067650604249, "validation_accuracy": 0.5636, "validation_loss": 1.6370749298095704}
{"epoch": 79, "learning_rate": 0.06693689601226462, "train_accuracy": 0.6465, "train_loss": 1.8830794218444824, "validation_accuracy": 0.5222, "validation_loss": 1.8625949354171754}
{"epoch": 80, "learning_rate": 0.06619587090990751, "train_accuracy": 0.65078, "train_loss": 1.8751776628112793, "validation_accuracy": 0.5567, "validation_loss": 1.7083984539031982}
{"epoch": 81, "learning_rate": 0.06545084971874741, "train_accuracy": 0.65034, "train_loss": 1.8682106829833984, "validation_accuracy": 0.5576, "validation_loss": 1.704574514389038}
{"epoch": 82, "learning_rate": 0.06470201626161524, "train_accuracy": 0.65226, "train_loss": 1.8609448681640626, "validation_accuracy": 0.5722, "validation_loss": 1.6293237621307373}
{"epoch": 83, "learning_rate": 0.06394955530196152, "train_accuracy": 0.65566, "train_loss": 1.8503825049591065, "validation_accuracy": 0.5774, "validation_loss": 1.602730465888977}
{"epoch": 84, "learning_rate": 0.06319365249826868, "train_accuracy": 0.65694, "train_loss": 1.8496989939498902, "validation_accuracy": 0.5778, "validation_loss": 1.6306095197677613}
{"epoch": 85, "learning_rate": 0.06243449435824277, "train_accuracy": 0.65998, "train_loss": 1.8395182656097413, "validation_accuracy": 0.5243, "validation_loss": 1.8670916946411134}
{"epoch": 86, "learning_rate": 0.06167226819279532, "train_accuracy": 0.66012, "train_loss": 1.8343250913619995, "validation_accuracy": 0.589, "validation_loss": 1.5468900882720946}
{"epoch": 87, "learning_rate": 0.06090716206982718, "train_accuracy": 0.6622, "train_loss": 1.8294102714538574, "validation_accuracy": 0.5841, "validation_loss": 1.5717460718154908}
{"epoch": 88, "learning_rate": 0.06013936476782568, "train_accuracy": 0.66824, "train_loss": 1.818980245742798, "validation_accuracy": 0.577, "validation_loss": 1.6492423709869384}
{"epoch": 89, "learning_rate": 0.05936906572928629, "train_accuracy": 0.66834, "train_loss": 1.8100501418304444, "validation_accuracy": 0.5764, "validation_loss": 1.639999838256836}
{"epoch": 90, "learning_rate": 0.05859645501397052, "train_accuracy": 0.6694, "train_loss": 1.8095772595214843, "validation_accuracy": 0.5764, "validation_loss": 1.600282582473755}
{"epoch": 91, "learning_rate": 0.05782172325201159, "train_accuracy": 0.67456, "train_loss": 1.794834978942871, "validation_accuracy": 0.5629, "validation_loss": 1.6806593198776245}
{"epoch": 92, "learning_rate": 0.057045061596879186, "train_accuracy": 0.67602, "train_loss": 1.789388164176941, "validation_accuracy": 0.5717, "validation_loss": 1.6452305200576782}
{"epoch": 93, "learning_rate": 0.056266661678215264, "train_accuracy": 0.68018, "train_loss": 1.7841108563232422, "validation_accuracy": 0.557, "validation_loss": 1.7007755432128906}
{"epoch": 94, "learning_rate": 0.055486715554552306, "train_accuracy": 0.68266, "train_loss": 1.7714118981552125, "validation_accuracy": 0.5863, "validation_loss": 1.5661560131072998}
{"epoch": 95, "learning_rate": 0.05470541566592575, "train_accuracy": 0.68304, "train_loss": 1.7641921103668212, "validation_accuracy": 0.5838, "validation_loss": 1.5728972024917602}
{"epoch": 96, "learning_rate": 0.05392295478639229, "train_accuracy": 0.68454, "train_loss": 1.7640189897155762, "validation_accuracy": 0.5504, "validation_loss": 1.7413665031433105}
{"epoch": 97, "learning_rate": 0.05313952597646571, "train_accuracy": 0.689, "train_loss": 1.7483996086883544, "validation_accuracy": 0.5881, "validation_loss": 1.5637187406539916}
{"epoch": 98, "learning_rate": 0.05235532253548216, "train_accuracy": 0.68926, "train_loss": 1.7435614836120605, "validation_accuracy": 0.5933, "validation_loss": 1.5385438850402833}
{"epoch": 99, "learning_rate": 0.051570537953906447, "train_accuracy": 0.6942, "train_loss": 1.7304582555389405, "validation_accuracy": 0.5881, "validation_loss": 1.5752627027511596}
{"epoch": 100, "learning_rate": 0.05078536586559106, "train_accuracy": 0.69904, "train_loss": 1.7218122168731689, "validation_accuracy": 0.6068, "validation_loss": 1.4821248929977417}
{"epoch": 101, "learning_rate": 0.050000000000000024, "train_accuracy": 0.69872, "train_loss": 1.7174012804412842, "validation_accuracy": 0.6034, "validation_loss": 1.4965539831161498}
{"epoch": 102, "learning_rate": 0.049214634134409, "train_accuracy": 0.70034, "train_loss": 1.7070880673217774, "validation_accuracy": 0.6148, "validation_loss": 1.45679054145813}
{"epoch": 103, "learning_rate": 0.04842946204609361, "train_accuracy": 0.70448, "train_loss": 1.6956368726348876, "validation_accuracy": 0.5998, "validation_loss": 1.5068365045547485}
{"epoch": 104, "learning_rate": 0.04764467746451789, "train_accuracy": 0.7048, "train_loss": 1.6970820825195312, "validation_accuracy": 0.5774, "validation_loss": 1.6469691080093385}
{"epoch": 105, "learning_rate": 0.046860474023534354, "train_accuracy": 0.70808, "train_loss": 1.6820589203643799, "validation_accuracy": 0.6026, "validation_loss": 1.5060791915893554}
{"epoch": 106, "learning_rate": 0.04607704521360778, "train_accuracy": 0.7137, "train_loss": 1.6706604482269287, "validation_accuracy": 0.6088, "validation_loss": 1.4886400915145874}
{"epoch": 107, "learning_rate": 0.04529458433407431, "train_accuracy": 0.71776, "train_loss": 1.6589113887786866, "validation_accuracy": 0.6175, "validation_loss": 1.4451813261032105}
{"epoch": 108, "learning_rate": 0.04451328444544776, "train_accuracy": 0.72114, "train_loss": 1.6507996607971192, "validation_accuracy": 0.6086, "validation_loss": 1.483046368598938}
{"epoch": 109, "learning_rate": 0.04373333832178482, "train_accuracy": 0.72474, "train_loss": 1.64118755859375, "validation_accuracy": 0.6164, "validation_loss": 1.4843292488098145}
{"epoch": 110, "learning_rate": 0.0429549384031209, "train_accuracy": 0.72402, "train_loss": 1.6362298365783692, "validation_accuracy": 0.5925, "validation_loss": 1.5795918531417847}
{"epoch": 111, "learning_rate": 0.042178276747988484, "train_accuracy": 0.72866, "train_loss": 1.6222094520950316, "validation_accuracy": 0.6087, "validation_loss": 1.5038074478149415}
{"epoch": 112, "learning_rate": 0.04140354498602954, "train_accuracy": 0.73238, "train_loss": 1.613026085395813, "validation_accuracy": 0.628, "validation_loss": 1.4100656623840333}
{"epoch": 113, "learning_rate": 0.0406309342707138, "train_accuracy": 0.7331, "train_loss": 1.603100004043579, "validation_accuracy": 0.632, "validation_loss": 1.4176822259902955}
{"epoch": 114, "learning_rate": 0.03986063523217441, "train_accuracy": 0.73932, "train_loss": 1.589507015838623, "validation_accuracy": 0.6449, "validation_loss": 1.34715693359375}
{"epoch": 115, "learning_rate": 0.039092837930172916, "train_accuracy": 0.74426, "train_loss": 1.5783098487091065, "validation_accuracy": 0.6143, "validation_loss": 1.4718912120819092}
{"epoch": 116, "learning_rate": 0.03832773180720475, "train_accuracy": 0.74696, "train_loss": 1.5680833205413818, "validation_accuracy": 0.6318, "validation_loss": 1.4218474222183228}
{"epoch": 117, "learning_rate": 0.037565505641757285, "train_accuracy": 0.74918, "train_loss": 1.5567795886230469, "validation_accuracy": 0.6266, "validation_loss": 1.4292177909851074}
{"epoch": 118, "learning_rate": 0.03680634750173138, "train_accuracy": 0.75218, "train_loss": 1.5487218258285522, "validation_accuracy": 0.6327, "validation_loss": 1.3755169406890868}
{"epoch": 119, "learning_rate": 0.036050444698038565, "train_accuracy": 0.76158, "train_loss": 1.5327281880950927, "validation_accuracy": 0.6399, "validation_loss": 1.3638673838615418}
{"epoch": 120, "learning_rate": 0.03529798373838483, "train_accuracy": 0.76382, "train_loss": 1.5189473550796508, "validation_accuracy": 0.6216, "validation_loss": 1.4523504266738891}
{"epoch": 121, "learning_rate": 0.03454915028125267, "train_accuracy": 0.76562, "train_loss": 1.5144721841430664, "validation_accuracy": 0.619, "validation_loss": 1.4788984855651854}
{"epoch": 122, "learning_rate": 0.03380412909009255, "train_accuracy": 0.76796, "train_loss": 1.4987123220062255, "validation_accuracy": 0.6195, "validation_loss": 1.4737400774002076}
{"epoch": 123, "learning_rate": 0.03306310398773545, "train_accuracy": 0.77494, "train_loss": 1.482857777709961, "validation_accuracy": 0.6353, "validation_loss": 1.3986263286590577}
{"epoch": 124, "learning_rate": 0.03232625781103717, "train_accuracy": 0.77834, "train_loss": 1.4758342958831787, "validation_accuracy": 0.6374, "validation_loss": 1.384507523727417}
{"epoch": 125, "learning_rate": 0.03159377236576613, "train_accuracy": 0.78362, "train_loss": 1.4603089047241211, "validation_accuracy": 0.6484, "validation_loss": 1.3630802408218383}
{"epoch": 126, "learning_rate": 0.030865828381745543, "train_accuracy": 0.78568, "train_loss": 1.453022744216919, "validation_accuracy": 0.6535, "validation_loss": 1.3385070013046265}
{"epoch": 127, "learning_rate": 0.03014260546826098, "train_accuracy": 0.78922, "train_loss": 1.4441645389938353, "validation_accuracy": 0.6356, "validation_loss": 1.4042072246551514}
{"epoch": 128, "learning_rate": 0.02942428206974458, "train_accuracy": 0.79612, "train_loss": 1.421621492576599, "validation_accuracy": 0.6332, "validation_loss": 1.4459588575363158}
{"epoch": 129, "learning_rate": 0.028711035421746387, "train_accuracy": 0.80028, "train_loss": 1.4099014128875733, "validation_accuracy": 0.6648, "validation_loss": 1.2708846946716308}
{"epoch": 130, "learning_rate": 0.02800304150720426, "train_accuracy": 0.80606, "train_loss": 1.391519819946289, "validation_accuracy": 0.6545, "validation_loss": 1.32748824634552}
{"epoch": 131, "learning_rate": 0.02730047501302268, "train_accuracy": 0.81132, "train_loss": 1.3824384963989258, "validation_accuracy": 0.6499, "validation_loss": 1.3603349754333496}
{"epoch": 132, "learning_rate": 0.026603509286971357, "train_accuracy": 0.81664, "train_loss": 1.36961055229187, "validation_accuracy": 0.6505, "validation_loss": 1.3648549097061158}
{"epoch": 133, "learning_rate": 0.025912316294914244, "train_accuracy": 0.81914, "train_loss": 1.3574983682250976, "validation_accuracy": 0.6615, "validation_loss": 1.3041179515838623}
{"epoch": 134, "learning_rate": 0.025227066578379632, "train_accuracy": 0.8269, "train_loss": 1.338590317878723, "validation_accuracy": 0.6374, "validation_loss": 1.4154068239212036}
{"epoch": 135, "learning_rate": 0.024547929212481445, "train_accuracy": 0.82664, "train_loss": 1.3344344452667236, "validation_accuracy": 0.6628, "validation_loss": 1.327619387626648}
{"epoch": 136, "learning_rate": 0.02387507176420257, "train_accuracy": 0.83792, "train_loss": 1.309317348060608, "validation_accuracy": 0.6508, "validation_loss": 1.3487457986831666}
{"epoch": 137, "learning_rate": 0.023208660251050166, "train_accuracy": 0.83898, "train_loss": 1.3015012132263184, "validation_accuracy": 0.6601, "validation_loss": 1.3246321491241455}
{"epoch": 138, "learning_rate": 0.022548859100093414, "train_accuracy": 0.84342, "train_loss": 1.288140403137207, "validation_accuracy": 0.6713, "validation_loss": 1.2749035625457763}
{"epoch": 139, "learning_rate": 0.021895831107393474, "train_accuracy": 0.84912, "train_loss": 1.2721550723266601, "validation_accuracy": 0.6689, "validation_loss": 1.3141307453155517}
{"epoch": 140, "learning_rate": 0.02124973739783608, "train_accuracy": 0.85804, "train_loss": 1.255552359046936, "validation_accuracy": 0.6815, "validation_loss": 1.245069425010681}
{"epoch": 141, "learning_rate": 0.02061073738537636, "train_accuracy": 0.86292, "train_loss": 1.2372579480361938, "validation_accuracy": 0.6821, "validation_loss": 1.273456092453003}
{"epoch": 142, "learning_rate": 0.019978988733705814, "train_accuracy": 0.86466, "train_loss": 1.2299323544311525, "validation_accuracy": 0.6685, "validation_loss": 1.3075829666137695}
{"epoch": 143, "learning_rate": 0.01935464731735118, "train_accuracy": 0.87306, "train_loss": 1.2124703383636475, "validation_accuracy": 0.6757, "validation_loss": 1.2987533903121948}
{"epoch": 144, "learning_rate": 0.018737867183214747, "train_accuracy": 0.88052, "train_loss": 1.1889174224090575, "validation_accuracy": 0.666, "validation_loss": 1.3257551872253417}
{"epoch": 145, "learning_rate": 0.01812880051256552, "train_accuracy": 0.88612, "train_loss": 1.1777075536346435, "validation_accuracy": 0.686, "validation_loss": 1.2281545465469361}
{"epoch": 146, "learning_rate": 0.017527597583490827, "train_accuracy": 0.8884, "train_loss": 1.1681966422653198, "validation_accuracy": 0.6908, "validation_loss": 1.220992822265625}
{"epoch": 147, "learning_rate": 0.01693440673381742, "train_accuracy": 0.89302, "train_loss": 1.1541681757354736, "validation_accuracy": 0.6851, "validation_loss": 1.2660041774749755}
{"epoch": 148, "learning_rate": 0.016349374324511334, "train_accuracy": 0.90436, "train_loss": 1.1246192419815064, "validation_accuracy": 0.6939, "validation_loss": 1.240704437828064}
{"epoch": 149, "learning_rate": 0.01577264470356557, "train_accuracy": 0.90486, "train_loss": 1.1209114434814453, "validation_accuracy": 0.6939, "validation_loss": 1.2404729207992553}
{"epoch": 150, "learning_rate": 0.01520436017038429, "train_accuracy": 0.91042, "train_loss": 1.107686795578003, "validation_accuracy": 0.6965, "validation_loss": 1.2266937067985535}
{"epoch": 151, "learning_rate": 0.014644660940672632, "train_accuracy": 0.9162, "train_loss": 1.094829248123169, "validation_accuracy": 0.6816, "validation_loss": 1.2754847093582153}
{"epoch": 152, "learning_rate": 0.01409368511184057, "train_accuracy": 0.92498, "train_loss": 1.071111028327942, "validation_accuracy": 0.6975, "validation_loss": 1.2211599351882934}
{"epoch": 153, "learning_rate": 0.013551568628929438, "train_accuracy": 0.92856, "train_loss": 1.0601621759033204, "validation_accuracy": 0.6967, "validation_loss": 1.209818964958191}
{"epoch": 154, "learning_rate": 0.013018445251069516, "train_accuracy": 0.93028, "train_loss": 1.05363687040329, "validation_accuracy": 0.7041, "validation_loss": 1.1950722269058227}
{"epoch": 155, "learning_rate": 0.012494446518477026, "train_accuracy": 0.94052, "train_loss": 1.031193836288452, "validation_accuracy": 0.7126, "validation_loss": 1.1922708989143371}
{"epoch": 156, "learning_rate": 0.011979701719998459, "train_accuracy": 0.94298, "train_loss": 1.0234136810302734, "validation_accuracy": 0.7157, "validation_loss": 1.1603041996002197}
{"epoch": 157, "learning_rate": 0.011474337861210548, "train_accuracy": 0.95104, "train_loss": 1.0018400005340575, "validation_accuracy": 0.705, "validation_loss": 1.2118706124305725}
{"epoch": 158, "learning_rate": 0.010978479633083526, "train_accuracy": 0.95612, "train_loss": 0.9865653150177002, "validation_accuracy": 0.7162, "validation_loss": 1.1505958320617675}
{"epoch": 159, "learning_rate": 0.010492249381215483, "train_accuracy": 0.95898, "train_loss": 0.9767867762756348, "validation_accuracy": 0.7134, "validation_loss": 1.1837285442352294}
{"epoch": 160, "learning_rate": 0.010015767075645474, "train_accuracy": 0.96546, "train_loss": 0.9620495025253296, "validation_accuracy": 0.7152, "validation_loss": 1.1747799864768982}
{"epoch": 161, "learning_rate": 0.009549150281252637, "train_accuracy": 0.96712, "train_loss": 0.9499282398986817, "validation_accuracy": 0.7224, "validation_loss": 1.1524618441581727}
{"epoch": 162, "learning_rate": 0.00909251412874884, "train_accuracy": 0.97294, "train_loss": 0.9362839976501465, "validation_accuracy": 0.7225, "validation_loss": 1.153418099784851}
{"epoch": 163, "learning_rate": 0.008645971286271918, "train_accuracy": 0.97488, "train_loss": 0.9284787121963501, "validation_accuracy": 0.7276, "validation_loss": 1.1229943475723267}
{"epoch": 164, "learning_rate": 0.008209631931586501, "train_accuracy": 0.97838, "train_loss": 0.9166452363586426, "validation_accuracy": 0.7323, "validation_loss": 1.118546537399292}
{"epoch": 165, "learning_rate": 0.0077836037248992605, "train_accuracy": 0.98224, "train_loss": 0.9038593939208984, "validation_accuracy": 0.7371, "validation_loss": 1.105825692462921}
{"epoch": 166, "learning_rate": 0.0073679917822954055, "train_accuracy": 0.98418, "train_loss": 0.8975237056732178, "validation_accuracy": 0.7452, "validation_loss": 1.100589014339447}
{"epoch": 167, "learning_rate": 0.006962898649802815, "train_accuracy": 0.9873, "train_loss": 0.8849630889320373, "validation_accuracy": 0.7456, "validation_loss": 1.086841343307495}
{"epoch": 168, "learning_rate": 0.006568424278090438, "train_accuracy": 0.98924, "train_loss": 0.8773749047088623, "validation_accuracy": 0.7527, "validation_loss": 1.079422037792206}
{"epoch": 169, "learning_rate": 0.006184665997806824, "train_accuracy": 0.99122, "train_loss": 0.8667368967437744, "validation_accuracy": 0.7493, "validation_loss": 1.0853550931930542}
{"epoch": 170, "learning_rate": 0.00581171849556533, "train_accuracy": 0.99222, "train_loss": 0.8605183879089355, "validation_accuracy": 0.7567, "validation_loss": 1.063175478076935}
{"epoch": 171, "learning_rate": 0.0054496737905816136, "train_accuracy": 0.99418, "train_loss": 0.8532895177841187, "validation_accuracy": 0.7533, "validation_loss": 1.0695021028518676}
{"epoch": 172, "learning_rate": 0.005098621211969226, "train_accuracy": 0.99516, "train_loss": 0.8477001587677002, "validation_accuracy": 0.7593, "validation_loss": 1.0668801750183106}
{"epoch": 173, "learning_rate": 0.004758647376699035, "train_accuracy": 0.99572, "train_loss": 0.8414053752517701, "validation_accuracy": 0.7609, "validation_loss": 1.0650298526763915}
{"epoch": 174, "learning_rate": 0.00442983616822775, "train_accuracy": 0.99712, "train_loss": 0.8355526520729065, "validation_accuracy": 0.7556, "validation_loss": 1.0812782011032105}
{"epoch": 175, "learning_rate": 0.004112268715800957, "train_accuracy": 0.99716, "train_loss": 0.8342927924728394, "validation_accuracy": 0.76, "validation_loss": 1.0452516813278199}
{"epoch": 176, "learning_rate": 0.003806023374435677, "train_accuracy": 0.99798, "train_loss": 0.8283405851936341, "validation_accuracy": 0.7633, "validation_loss": 1.059365604019165}
{"epoch": 177, "learning_rate": 0.003511175705587435, "train_accuracy": 0.9984, "train_loss": 0.8252503406333923, "validation_accuracy": 0.7677, "validation_loss": 1.0419710085868836}
{"epoch": 178, "learning_rate": 0.0032277984585066333, "train_accuracy": 0.99868, "train_loss": 0.821976411819458, "validation_accuracy": 0.7652, "validation_loss": 1.0504396161079406}
{"epoch": 179, "learning_rate": 0.002955961552288729, "train_accuracy": 0.99882, "train_loss": 0.8198167887496948, "validation_accuracy": 0.7642, "validation_loss": 1.0498753429412842}
{"epoch": 180, "learning_rate": 0.0026957320586227366, "train_accuracy": 0.9988, "train_loss": 0.8174060184860229, "validation_accuracy": 0.7668, "validation_loss": 1.0488673099517822}
{"epoch": 181, "learning_rate": 0.002447174185242325, "train_accuracy": 0.99902, "train_loss": 0.8159630682373047, "validation_accuracy": 0.7669, "validation_loss": 1.0408302458763123}
{"epoch": 182, "learning_rate": 0.0022103492600834954, "train_accuracy": 0.9991, "train_loss": 0.8140332270240783, "validation_accuracy": 0.768, "validation_loss": 1.0415090139389038}
{"epoch": 183, "learning_rate": 0.0019853157161528537, "train_accuracy": 0.99892, "train_loss": 0.8127678365707397, "validation_accuracy": 0.7735, "validation_loss": 1.0421275678634643}
{"epoch": 184, "learning_rate": 0.001772129077110103, "train_accuracy": 0.99918, "train_loss": 0.8115109732818604, "validation_accuracy": 0.7722, "validation_loss": 1.0511316235542298}
{"epoch": 185, "learning_rate": 0.0015708419435684529, "train_accuracy": 0.99936, "train_loss": 0.8097171783065796, "validation_accuracy": 0.7723, "validation_loss": 1.0451596551895141}
{"epoch": 186, "learning_rate": 0.0013815039801161732, "train_accuracy": 0.99942, "train_loss": 0.8091255766105652, "validation_accuracy": 0.7739, "validation_loss": 1.0404317118644715}
{"epoch": 187, "learning_rate": 0.0012041619030626347, "train_accuracy": 0.99946, "train_loss": 0.8079996077346802, "validation_accuracy": 0.7726, "validation_loss": 1.0397723633766174}
{"epoch": 188, "learning_rate": 0.0010388594689117077, "train_accuracy": 0.99948, "train_loss": 0.8067931214141846, "validation_accuracy": 0.7737, "validation_loss": 1.0441829849243165}
{"epoch": 189, "learning_rate": 0.0008856374635655645, "train_accuracy": 0.99936, "train_loss": 0.8064740222549438, "validation_accuracy": 0.7719, "validation_loss": 1.0469864194869996}
{"epoch": 190, "learning_rate": 0.000744533692261307, "train_accuracy": 0.99954, "train_loss": 0.806028935585022, "validation_accuracy": 0.7749, "validation_loss": 1.0470283857345581}
{"epoch": 191, "learning_rate": 0.0006155829702431174, "train_accuracy": 0.99934, "train_loss": 0.8054853721237183, "validation_accuracy": 0.7755, "validation_loss": 1.0453169110298157}
{"epoch": 192, "learning_rate": 0.0004988171141721235, "train_accuracy": 0.99946, "train_loss": 0.8052331276321412, "validation_accuracy": 0.7754, "validation_loss": 1.0415773121833802}
{"epoch": 193, "learning_rate": 0.00039426493427611206, "train_accuracy": 0.9995, "train_loss": 0.8048147662353515, "validation_accuracy": 0.7767, "validation_loss": 1.048190578174591}
{"epoch": 194, "learning_rate": 0.00030195222724102046, "train_accuracy": 0.99952, "train_loss": 0.80425178150177, "validation_accuracy": 0.775, "validation_loss": 1.0472996795654297}
{"epoch": 195, "learning_rate": 0.00022190176984600036, "train_accuracy": 0.99942, "train_loss": 0.8041122671699524, "validation_accuracy": 0.7744, "validation_loss": 1.0453588314056397}
{"epoch": 196, "learning_rate": 0.00015413331334360192, "train_accuracy": 0.9995, "train_loss": 0.8036053458023071, "validation_accuracy": 0.776, "validation_loss": 1.0448682703018188}
{"epoch": 197, "learning_rate": 9.866357858642213e-05, "train_accuracy": 0.9995, "train_loss": 0.8041485903549195, "validation_accuracy": 0.7738, "validation_loss": 1.0426187212944031}
{"epoch": 198, "learning_rate": 5.5506251901504864e-05, "train_accuracy": 0.99966, "train_loss": 0.8035536589431763, "validation_accuracy": 0.7757, "validation_loss": 1.0479170831680298}
{"epoch": 199, "learning_rate": 2.4671981713420017e-05, "train_accuracy": 0.9995, "train_loss": 0.8037775110244751, "validation_accuracy": 0.7753, "validation_loss": 1.0451685135841369}
{"epoch": 200, "learning_rate": 6.168375916970619e-06, "train_accuracy": 0.99966, "train_loss": 0.8036064667129517, "validation_accuracy": 0.7764, "validation_loss": 1.0451355525970458}
Saved best checkpoint to reference_models/cifar100_resnet18_seed9.pt; validation accuracy=0.776700
