nohup: ignoring input
Namespace(steps=2000, model_name='cifar100_main_models/cifar100_10_fseml_2000_noreplay_seed9.net', treatment='FSEML', checkpoint=False, saved_model='FSEML_Model_20260427_main.net', seed=9, seeds=[10], tasks=1, meta_lr=0.0005, meta_lr_schedule_steps=[], meta_lr_schedule_values=[], update_lr=0.1, update_step=10, name='CIFAR100/0_0005/cifar100_10_fseml_2000_noreplay_seed9', dataset='CIFAR100', data_root='../data/cifar100', classes_per_task=10, task_protocol='cifar100_protocols/cifar100_10classes_seed9.json', query_scope='global', support_sampling='balanced', no_data_augmentation=False, num_workers=4, encoder_channels=32, latent_dim=128, adapter_dim=256, sparsity_target=0.05, sparsity_weight=0.005, reconstruction_weight=0.1, weight_decay_weight=0.0, fda_weight=0.1, commit=False, no_reset=True, rln=6, replay=False, replay_mode='fse', replay_buffer_size=1000, replay_gap=960, replay_rate=0.05, replay_top_p=32, replay_partitions=10, visualize_replay=False, replay_viz_dir='replay_visualizations', replay_viz_max=10, replay_analysis_dir=None, replay_analysis_max_events=0, replay_analysis_plot_events=[], replay_analysis_cumulative_plot_events=[], replay_analysis_cumulative_plot_max_points=0, replay_analysis_track_events=[], replay_analysis_track_all_events=False, replay_analysis_track_count=0, replay_analysis_run_id='20260428_01', replay_analysis_expanded_eval_samples=0, replay_analysis_save_probe_data=False, reconstruction_fidelity=False, reference_classifier=None, final_fidelity_export=False, fidelity_eval_batch_size=128, model='none')
{'steps': 2000, 'model_name': 'cifar100_main_models/cifar100_10_fseml_2000_noreplay_seed9.net', 'treatment': 'FSEML', 'checkpoint': False, 'saved_model': 'FSEML_Model_20260427_main.net', 'seed': 9, 'seeds': [10], 'tasks': 1, 'meta_lr': 0.0005, 'meta_lr_schedule_steps': [], 'meta_lr_schedule_values': [], 'update_lr': 0.1, 'update_step': 10, 'name': 'CIFAR100/0_0005/cifar100_10_fseml_2000_noreplay_seed9', 'dataset': 'CIFAR100', 'data_root': '../data/cifar100', 'classes_per_task': 10, 'task_protocol': 'cifar100_protocols/cifar100_10classes_seed9.json', 'query_scope': 'global', 'support_sampling': 'balanced', 'no_data_augmentation': False, 'num_workers': 4, 'encoder_channels': 32, 'latent_dim': 128, 'adapter_dim': 256, 'sparsity_target': 0.05, 'sparsity_weight': 0.005, 'reconstruction_weight': 0.1, 'weight_decay_weight': 0.0, 'fda_weight': 0.1, 'commit': False, 'no_reset': True, 'rln': 6, 'replay': False, 'replay_mode': 'fse', 'replay_buffer_size': 1000, 'replay_gap': 960, 'replay_rate': 0.05, 'replay_top_p': 32, 'replay_partitions': 10, 'visualize_replay': False, 'replay_viz_dir': 'replay_visualizations', 'replay_viz_max': 10, 'replay_analysis_dir': None, 'replay_analysis_max_events': 0, 'replay_analysis_plot_events': [], 'replay_analysis_cumulative_plot_events': [], 'replay_analysis_cumulative_plot_max_points': 0, 'replay_analysis_track_events': [], 'replay_analysis_track_all_events': False, 'replay_analysis_track_count': 0, 'replay_analysis_run_id': '20260428_01', 'replay_analysis_expanded_eval_samples': 0, 'replay_analysis_save_probe_data': False, 'reconstruction_fidelity': False, 'reference_classifier': None, 'final_fidelity_export': False, 'fidelity_eval_batch_size': 128, 'model': 'none'}
experiment  : INFO     [32m[32mRun code dir = ANML-master_20260804[0m[0m
experiment  : INFO     [32m[32mRun cwd = /home/drizzle/FSEML-rewrite-2026/ANML-master_20260804[0m[0m
experiment  : INFO     [32m[32mCommand args = python mrcl_classification.py --dataset CIFAR100 --data-root ../data/cifar100 --classes-per-task 10 --task-protocol cifar100_protocols/cifar100_10classes_seed9.json --model_name cifar100_main_models/cifar100_10_fseml_2000_noreplay_seed9.net --steps 2000 --name cifar100_10_fseml_2000_noreplay_seed9 --treatment FSEML --seed 9 --tasks 1 --meta_lr 0.0005 --update_lr 0.1 --update_step 10 --num-workers 4 --encoder-channels 32 --latent-dim 128 --adapter-dim 256 --sparsity-target 0.05 --sparsity-weight 0.005 --reconstruction-weight 0.1 --weight-decay-weight 0.0 --fda-weight 0.1 --query-scope global --support-sampling balanced --no-reset --no-replay --replay-mode fse --replay-buffer-size 1000 --replay-gap 960 --replay-rate 0.05 --replay-top-p 32 --replay-partitions 10[0m[0m
CIFAR100 found locally: /home/drizzle/FSEML-rewrite-2026/data/cifar100
CIFAR100 found locally: /home/drizzle/FSEML-rewrite-2026/data/cifar100
CIFAR100 found locally: /home/drizzle/FSEML-rewrite-2026/data/cifar100
experiment  : INFO     [32m[32mCIFAR100-10 protocol: 6 meta-train tasks, 4 meta-test tasks; query scope: global; classifier reset: False; support sampling: balanced[0m[0m
experiment  : INFO     [32m[32mReplay protocol: enabled=False, mode=fse, buffer=1000, gap=960 samples, rate=0.0500, top_p=32, partitions=10[0m[0m
[W805 15:40:22.918987974 NNPACK.cpp:57] Could not initialize NNPACK! Reason: Unsupported hardware.
[W805 15:40:22.036051453 NNPACK.cpp:57] Could not initialize NNPACK! Reason: Unsupported hardware.
[W805 15:40:22.140100082 NNPACK.cpp:57] Could not initialize NNPACK! Reason: Unsupported hardware.
experiment  : INFO     [32m[32mstep: 0 	 meta_lr 0.000500 	 training acc 0.03125 and training loss tensor(4.6693, device='cuda:0', grad_fn=<AddBackward0>), loss_auto: tensor(0.3641, device='cuda:0', grad_fn=<AddBackward0>), loss_pre: tensor(4.6329, device='cuda:0', grad_fn=<NllLossBackward0>)[0m[0m
experiment  : INFO     [32m[32mstep: 40 	 meta_lr 0.000500 	 training acc 0.0 and training loss tensor(4.1218, device='cuda:0', grad_fn=<AddBackward0>), loss_auto: tensor(0.3276, device='cuda:0', grad_fn=<AddBackward0>), loss_pre: tensor(4.0890, device='cuda:0', grad_fn=<NllLossBackward0>)[0m[0m
experiment  : INFO     [32m[32mstep: 80 	 meta_lr 0.000500 	 training acc 0.078125 and training loss tensor(3.8741, device='cuda:0', grad_fn=<AddBackward0>), loss_auto: tensor(0.3264, device='cuda:0', grad_fn=<AddBackward0>), loss_pre: tensor(3.8414, device='cuda:0', grad_fn=<NllLossBackward0>)[0m[0m
experiment  : INFO     [32m[32mstep: 120 	 meta_lr 0.000500 	 training acc 0.109375 and training loss tensor(3.7479, device='cuda:0', grad_fn=<AddBackward0>), loss_auto: tensor(0.3034, device='cuda:0', grad_fn=<AddBackward0>), loss_pre: tensor(3.7175, device='cuda:0', grad_fn=<NllLossBackward0>)[0m[0m
experiment  : INFO     [32m[32mstep: 160 	 meta_lr 0.000500 	 training acc 0.03125 and training loss tensor(3.7660, device='cuda:0', grad_fn=<AddBackward0>), loss_auto: tensor(0.3213, device='cuda:0', grad_fn=<AddBackward0>), loss_pre: tensor(3.7339, device='cuda:0', grad_fn=<NllLossBackward0>)[0m[0m
experiment  : INFO     [32m[32mstep: 200 	 meta_lr 0.000500 	 training acc 0.15625 and training loss tensor(3.7405, device='cuda:0', grad_fn=<AddBackward0>), loss_auto: tensor(0.3135, device='cuda:0', grad_fn=<AddBackward0>), loss_pre: tensor(3.7091, device='cuda:0', grad_fn=<NllLossBackward0>)[0m[0m
experiment  : INFO     [32m[32mstep: 240 	 meta_lr 0.000500 	 training acc 0.078125 and training loss tensor(3.6354, device='cuda:0', grad_fn=<AddBackward0>), loss_auto: tensor(0.3161, device='cuda:0', grad_fn=<AddBackward0>), loss_pre: tensor(3.6038, device='cuda:0', grad_fn=<NllLossBackward0>)[0m[0m
experiment  : INFO     [32m[32mstep: 280 	 meta_lr 0.000500 	 training acc 0.109375 and training loss tensor(3.4812, device='cuda:0', grad_fn=<AddBackward0>), loss_auto: tensor(0.3175, device='cuda:0', grad_fn=<AddBackward0>), loss_pre: tensor(3.4494, device='cuda:0', grad_fn=<NllLossBackward0>)[0m[0m
experiment  : INFO     [32m[32mstep: 320 	 meta_lr 0.000500 	 training acc 0.03125 and training loss tensor(3.6316, device='cuda:0', grad_fn=<AddBackward0>), loss_auto: tensor(0.3019, device='cuda:0', grad_fn=<AddBackward0>), loss_pre: tensor(3.6014, device='cuda:0', grad_fn=<NllLossBackward0>)[0m[0m
experiment  : INFO     [32m[32mstep: 360 	 meta_lr 0.000500 	 training acc 0.140625 and training loss tensor(3.5342, device='cuda:0', grad_fn=<AddBackward0>), loss_auto: tensor(0.3114, device='cuda:0', grad_fn=<AddBackward0>), loss_pre: tensor(3.5031, device='cuda:0', grad_fn=<NllLossBackward0>)[0m[0m
experiment  : INFO     [32m[32mstep: 400 	 meta_lr 0.000500 	 training acc 0.140625 and training loss tensor(3.2893, device='cuda:0', grad_fn=<AddBackward0>), loss_auto: tensor(0.3148, device='cuda:0', grad_fn=<AddBackward0>), loss_pre: tensor(3.2578, device='cuda:0', grad_fn=<NllLossBackward0>)[0m[0m
experiment  : INFO     [32m[32mstep: 440 	 meta_lr 0.000500 	 training acc 0.171875 and training loss tensor(3.4288, device='cuda:0', grad_fn=<AddBackward0>), loss_auto: tensor(0.3177, device='cuda:0', grad_fn=<AddBackward0>), loss_pre: tensor(3.3971, device='cuda:0', grad_fn=<NllLossBackward0>)[0m[0m
experiment  : INFO     [32m[32mstep: 480 	 meta_lr 0.000500 	 training acc 0.234375 and training loss tensor(3.0357, device='cuda:0', grad_fn=<AddBackward0>), loss_auto: tensor(0.3097, device='cuda:0', grad_fn=<AddBackward0>), loss_pre: tensor(3.0048, device='cuda:0', grad_fn=<NllLossBackward0>)[0m[0m
experiment  : INFO     [32m[32mTrain Accuracy = 0.20406693262411346[0m[0m
experiment  : INFO     [32m[32mTest Accuracy = 0.0[0m[0m
experiment  : INFO     [32m[32mstep: 520 	 meta_lr 0.000500 	 training acc 0.109375 and training loss tensor(3.3730, device='cuda:0', grad_fn=<AddBackward0>), loss_auto: tensor(0.3451, device='cuda:0', grad_fn=<AddBackward0>), loss_pre: tensor(3.3384, device='cuda:0', grad_fn=<NllLossBackward0>)[0m[0m
experiment  : INFO     [32m[32mstep: 560 	 meta_lr 0.000500 	 training acc 0.15625 and training loss tensor(3.2401, device='cuda:0', grad_fn=<AddBackward0>), loss_auto: tensor(0.3084, device='cuda:0', grad_fn=<AddBackward0>), loss_pre: tensor(3.2093, device='cuda:0', grad_fn=<NllLossBackward0>)[0m[0m
experiment  : INFO     [32m[32mstep: 600 	 meta_lr 0.000500 	 training acc 0.125 and training loss tensor(3.1369, device='cuda:0', grad_fn=<AddBackward0>), loss_auto: tensor(0.3231, device='cuda:0', grad_fn=<AddBackward0>), loss_pre: tensor(3.1046, device='cuda:0', grad_fn=<NllLossBackward0>)[0m[0m
experiment  : INFO     [32m[32mstep: 640 	 meta_lr 0.000500 	 training acc 0.09375 and training loss tensor(3.4769, device='cuda:0', grad_fn=<AddBackward0>), loss_auto: tensor(0.3219, device='cuda:0', grad_fn=<AddBackward0>), loss_pre: tensor(3.4447, device='cuda:0', grad_fn=<NllLossBackward0>)[0m[0m
experiment  : INFO     [32m[32mstep: 680 	 meta_lr 0.000500 	 training acc 0.203125 and training loss tensor(2.9560, device='cuda:0', grad_fn=<AddBackward0>), loss_auto: tensor(0.3157, device='cuda:0', grad_fn=<AddBackward0>), loss_pre: tensor(2.9244, device='cuda:0', grad_fn=<NllLossBackward0>)[0m[0m
experiment  : INFO     [32m[32mstep: 720 	 meta_lr 0.000500 	 training acc 0.140625 and training loss tensor(3.3110, device='cuda:0', grad_fn=<AddBackward0>), loss_auto: tensor(0.3122, device='cuda:0', grad_fn=<AddBackward0>), loss_pre: tensor(3.2798, device='cuda:0', grad_fn=<NllLossBackward0>)[0m[0m
experiment  : INFO     [32m[32mstep: 760 	 meta_lr 0.000500 	 training acc 0.21875 and training loss tensor(3.1216, device='cuda:0', grad_fn=<AddBackward0>), loss_auto: tensor(0.3138, device='cuda:0', grad_fn=<AddBackward0>), loss_pre: tensor(3.0902, device='cuda:0', grad_fn=<NllLossBackward0>)[0m[0m
experiment  : INFO     [32m[32mstep: 800 	 meta_lr 0.000500 	 training acc 0.1875 and training loss tensor(3.3332, device='cuda:0', grad_fn=<AddBackward0>), loss_auto: tensor(0.3148, device='cuda:0', grad_fn=<AddBackward0>), loss_pre: tensor(3.3018, device='cuda:0', grad_fn=<NllLossBackward0>)[0m[0m
experiment  : INFO     [32m[32mstep: 840 	 meta_lr 0.000500 	 training acc 0.140625 and training loss tensor(3.2784, device='cuda:0', grad_fn=<AddBackward0>), loss_auto: tensor(0.3097, device='cuda:0', grad_fn=<AddBackward0>), loss_pre: tensor(3.2474, device='cuda:0', grad_fn=<NllLossBackward0>)[0m[0m
experiment  : INFO     [32m[32mstep: 880 	 meta_lr 0.000500 	 training acc 0.234375 and training loss tensor(2.8525, device='cuda:0', grad_fn=<AddBackward0>), loss_auto: tensor(0.3114, device='cuda:0', grad_fn=<AddBackward0>), loss_pre: tensor(2.8213, device='cuda:0', grad_fn=<NllLossBackward0>)[0m[0m
experiment  : INFO     [32m[32mstep: 920 	 meta_lr 0.000500 	 training acc 0.28125 and training loss tensor(2.8739, device='cuda:0', grad_fn=<AddBackward0>), loss_auto: tensor(0.3264, device='cuda:0', grad_fn=<AddBackward0>), loss_pre: tensor(2.8413, device='cuda:0', grad_fn=<NllLossBackward0>)[0m[0m
experiment  : INFO     [32m[32mstep: 960 	 meta_lr 0.000500 	 training acc 0.25 and training loss tensor(3.4053, device='cuda:0', grad_fn=<AddBackward0>), loss_auto: tensor(0.3131, device='cuda:0', grad_fn=<AddBackward0>), loss_pre: tensor(3.3740, device='cuda:0', grad_fn=<NllLossBackward0>)[0m[0m
experiment  : INFO     [32m[32mstep: 1000 	 meta_lr 0.000500 	 training acc 0.265625 and training loss tensor(3.0553, device='cuda:0', grad_fn=<AddBackward0>), loss_auto: tensor(0.3169, device='cuda:0', grad_fn=<AddBackward0>), loss_pre: tensor(3.0236, device='cuda:0', grad_fn=<NllLossBackward0>)[0m[0m
experiment  : INFO     [32m[32mTrain Accuracy = 0.271376329787234[0m[0m
experiment  : INFO     [32m[32mTest Accuracy = 0.0[0m[0m
experiment  : INFO     [32m[32mstep: 1040 	 meta_lr 0.000500 	 training acc 0.125 and training loss tensor(3.4192, device='cuda:0', grad_fn=<AddBackward0>), loss_auto: tensor(0.3161, device='cuda:0', grad_fn=<AddBackward0>), loss_pre: tensor(3.3876, device='cuda:0', grad_fn=<NllLossBackward0>)[0m[0m
experiment  : INFO     [32m[32mstep: 1080 	 meta_lr 0.000500 	 training acc 0.21875 and training loss tensor(3.2528, device='cuda:0', grad_fn=<AddBackward0>), loss_auto: tensor(0.3110, device='cuda:0', grad_fn=<AddBackward0>), loss_pre: tensor(3.2217, device='cuda:0', grad_fn=<NllLossBackward0>)[0m[0m
experiment  : INFO     [32m[32mstep: 1120 	 meta_lr 0.000500 	 training acc 0.25 and training loss tensor(2.8530, device='cuda:0', grad_fn=<AddBackward0>), loss_auto: tensor(0.3081, device='cuda:0', grad_fn=<AddBackward0>), loss_pre: tensor(2.8222, device='cuda:0', grad_fn=<NllLossBackward0>)[0m[0m
experiment  : INFO     [32m[32mstep: 1160 	 meta_lr 0.000500 	 training acc 0.3125 and training loss tensor(2.9022, device='cuda:0', grad_fn=<AddBackward0>), loss_auto: tensor(0.3212, device='cuda:0', grad_fn=<AddBackward0>), loss_pre: tensor(2.8701, device='cuda:0', grad_fn=<NllLossBackward0>)[0m[0m
experiment  : INFO     [32m[32mstep: 1200 	 meta_lr 0.000500 	 training acc 0.265625 and training loss tensor(2.8412, device='cuda:0', grad_fn=<AddBackward0>), loss_auto: tensor(0.3137, device='cuda:0', grad_fn=<AddBackward0>), loss_pre: tensor(2.8098, device='cuda:0', grad_fn=<NllLossBackward0>)[0m[0m
experiment  : INFO     [32m[32mstep: 1240 	 meta_lr 0.000500 	 training acc 0.25 and training loss tensor(2.9339, device='cuda:0', grad_fn=<AddBackward0>), loss_auto: tensor(0.3234, device='cuda:0', grad_fn=<AddBackward0>), loss_pre: tensor(2.9015, device='cuda:0', grad_fn=<NllLossBackward0>)[0m[0m
experiment  : INFO     [32m[32mstep: 1280 	 meta_lr 0.000500 	 training acc 0.328125 and training loss tensor(2.6240, device='cuda:0', grad_fn=<AddBackward0>), loss_auto: tensor(0.3150, device='cuda:0', grad_fn=<AddBackward0>), loss_pre: tensor(2.5925, device='cuda:0', grad_fn=<NllLossBackward0>)[0m[0m
experiment  : INFO     [32m[32mstep: 1320 	 meta_lr 0.000500 	 training acc 0.140625 and training loss tensor(3.3713, device='cuda:0', grad_fn=<AddBackward0>), loss_auto: tensor(0.3098, device='cuda:0', grad_fn=<AddBackward0>), loss_pre: tensor(3.3403, device='cuda:0', grad_fn=<NllLossBackward0>)[0m[0m
experiment  : INFO     [32m[32mstep: 1360 	 meta_lr 0.000500 	 training acc 0.296875 and training loss tensor(2.6891, device='cuda:0', grad_fn=<AddBackward0>), loss_auto: tensor(0.3079, device='cuda:0', grad_fn=<AddBackward0>), loss_pre: tensor(2.6583, device='cuda:0', grad_fn=<NllLossBackward0>)[0m[0m
experiment  : INFO     [32m[32mstep: 1400 	 meta_lr 0.000500 	 training acc 0.25 and training loss tensor(2.8105, device='cuda:0', grad_fn=<AddBackward0>), loss_auto: tensor(0.3060, device='cuda:0', grad_fn=<AddBackward0>), loss_pre: tensor(2.7799, device='cuda:0', grad_fn=<NllLossBackward0>)[0m[0m
experiment  : INFO     [32m[32mstep: 1440 	 meta_lr 0.000500 	 training acc 0.21875 and training loss tensor(3.5808, device='cuda:0', grad_fn=<AddBackward0>), loss_auto: tensor(0.3174, device='cuda:0', grad_fn=<AddBackward0>), loss_pre: tensor(3.5490, device='cuda:0', grad_fn=<NllLossBackward0>)[0m[0m
experiment  : INFO     [32m[32mstep: 1480 	 meta_lr 0.000500 	 training acc 0.296875 and training loss tensor(2.5748, device='cuda:0', grad_fn=<AddBackward0>), loss_auto: tensor(0.3043, device='cuda:0', grad_fn=<AddBackward0>), loss_pre: tensor(2.5443, device='cuda:0', grad_fn=<NllLossBackward0>)[0m[0m
experiment  : INFO     [32m[32mTrain Accuracy = 0.3153368794326241[0m[0m
experiment  : INFO     [32m[32mTest Accuracy = 0.0[0m[0m
experiment  : INFO     [32m[32mstep: 1520 	 meta_lr 0.000500 	 training acc 0.296875 and training loss tensor(2.6340, device='cuda:0', grad_fn=<AddBackward0>), loss_auto: tensor(0.3130, device='cuda:0', grad_fn=<AddBackward0>), loss_pre: tensor(2.6027, device='cuda:0', grad_fn=<NllLossBackward0>)[0m[0m
experiment  : INFO     [32m[32mstep: 1560 	 meta_lr 0.000500 	 training acc 0.296875 and training loss tensor(2.6340, device='cuda:0', grad_fn=<AddBackward0>), loss_auto: tensor(0.3064, device='cuda:0', grad_fn=<AddBackward0>), loss_pre: tensor(2.6034, device='cuda:0', grad_fn=<NllLossBackward0>)[0m[0m
experiment  : INFO     [32m[32mstep: 1600 	 meta_lr 0.000500 	 training acc 0.296875 and training loss tensor(2.7565, device='cuda:0', grad_fn=<AddBackward0>), loss_auto: tensor(0.3112, device='cuda:0', grad_fn=<AddBackward0>), loss_pre: tensor(2.7254, device='cuda:0', grad_fn=<NllLossBackward0>)[0m[0m
experiment  : INFO     [32m[32mstep: 1640 	 meta_lr 0.000500 	 training acc 0.25 and training loss tensor(2.5874, device='cuda:0', grad_fn=<AddBackward0>), loss_auto: tensor(0.3214, device='cuda:0', grad_fn=<AddBackward0>), loss_pre: tensor(2.5553, device='cuda:0', grad_fn=<NllLossBackward0>)[0m[0m
experiment  : INFO     [32m[32mstep: 1680 	 meta_lr 0.000500 	 training acc 0.171875 and training loss tensor(2.8988, device='cuda:0', grad_fn=<AddBackward0>), loss_auto: tensor(0.3037, device='cuda:0', grad_fn=<AddBackward0>), loss_pre: tensor(2.8685, device='cuda:0', grad_fn=<NllLossBackward0>)[0m[0m
experiment  : INFO     [32m[32mstep: 1720 	 meta_lr 0.000500 	 training acc 0.28125 and training loss tensor(3.0041, device='cuda:0', grad_fn=<AddBackward0>), loss_auto: tensor(0.3185, device='cuda:0', grad_fn=<AddBackward0>), loss_pre: tensor(2.9722, device='cuda:0', grad_fn=<NllLossBackward0>)[0m[0m
experiment  : INFO     [32m[32mstep: 1760 	 meta_lr 0.000500 	 training acc 0.40625 and training loss tensor(2.4190, device='cuda:0', grad_fn=<AddBackward0>), loss_auto: tensor(0.3074, device='cuda:0', grad_fn=<AddBackward0>), loss_pre: tensor(2.3883, device='cuda:0', grad_fn=<NllLossBackward0>)[0m[0m
experiment  : INFO     [32m[32mstep: 1800 	 meta_lr 0.000500 	 training acc 0.3125 and training loss tensor(2.7278, device='cuda:0', grad_fn=<AddBackward0>), loss_auto: tensor(0.3133, device='cuda:0', grad_fn=<AddBackward0>), loss_pre: tensor(2.6964, device='cuda:0', grad_fn=<NllLossBackward0>)[0m[0m
experiment  : INFO     [32m[32mstep: 1840 	 meta_lr 0.000500 	 training acc 0.1875 and training loss tensor(2.7651, device='cuda:0', grad_fn=<AddBackward0>), loss_auto: tensor(0.3109, device='cuda:0', grad_fn=<AddBackward0>), loss_pre: tensor(2.7340, device='cuda:0', grad_fn=<NllLossBackward0>)[0m[0m
experiment  : INFO     [32m[32mstep: 1880 	 meta_lr 0.000500 	 training acc 0.359375 and training loss tensor(2.6001, device='cuda:0', grad_fn=<AddBackward0>), loss_auto: tensor(0.3138, device='cuda:0', grad_fn=<AddBackward0>), loss_pre: tensor(2.5687, device='cuda:0', grad_fn=<NllLossBackward0>)[0m[0m
experiment  : INFO     [32m[32mstep: 1920 	 meta_lr 0.000500 	 training acc 0.15625 and training loss tensor(3.2938, device='cuda:0', grad_fn=<AddBackward0>), loss_auto: tensor(0.3255, device='cuda:0', grad_fn=<AddBackward0>), loss_pre: tensor(3.2612, device='cuda:0', grad_fn=<NllLossBackward0>)[0m[0m
experiment  : INFO     [32m[32mstep: 1960 	 meta_lr 0.000500 	 training acc 0.28125 and training loss tensor(2.9747, device='cuda:0', grad_fn=<AddBackward0>), loss_auto: tensor(0.3144, device='cuda:0', grad_fn=<AddBackward0>), loss_pre: tensor(2.9433, device='cuda:0', grad_fn=<NllLossBackward0>)[0m[0m
experiment  : INFO     [32m[32mFinal replay status: {'mode': 'fse', 'enabled': False, 'buffer_length': 0, 'buffer_capacity': 1000, 'replay_events': 0, 'total_replayed_samples': 0, 'last_replay_count': 0, 'samples_since_replay': 0, 'replay_gap': 960, 'replay_rate': 0.05, 'top_p': 32, 'partitions': 10}[0m[0m
