nohup: ignoring input
Namespace(steps=2000, model_name='cifar100_main_models/cifar100_10_fseml_er_r010_gi960_2000_seed9.net', treatment='FSEML', checkpoint=False, saved_model='FSEML_Model_20260427_main.net', seed=9, seeds=[10], tasks=1, meta_lr=0.0005, meta_lr_schedule_steps=[], meta_lr_schedule_values=[], update_lr=0.1, update_step=10, name='CIFAR100/0_0005/cifar100_10_fseml_er_r010_gi960_2000_seed9', dataset='CIFAR100', data_root='../data/cifar100', classes_per_task=10, task_protocol='cifar100_protocols/cifar100_10classes_seed9.json', query_scope='global', support_sampling='balanced', no_data_augmentation=False, num_workers=4, encoder_channels=32, latent_dim=128, adapter_dim=256, sparsity_target=0.05, sparsity_weight=0.005, reconstruction_weight=0.1, weight_decay_weight=0.0, fda_weight=0.1, commit=False, no_reset=True, rln=6, replay=True, replay_mode='fse', replay_buffer_size=1000, replay_gap=960, replay_rate=0.1, replay_top_p=32, replay_partitions=10, visualize_replay=False, replay_viz_dir='replay_visualizations', replay_viz_max=10, replay_analysis_dir=None, replay_analysis_max_events=0, replay_analysis_plot_events=[], replay_analysis_cumulative_plot_events=[], replay_analysis_cumulative_plot_max_points=0, replay_analysis_track_events=[], replay_analysis_track_all_events=False, replay_analysis_track_count=0, replay_analysis_run_id='20260428_01', replay_analysis_expanded_eval_samples=0, replay_analysis_save_probe_data=False, reconstruction_fidelity=False, reference_classifier=None, final_fidelity_export=False, fidelity_eval_batch_size=128, model='none')
{'steps': 2000, 'model_name': 'cifar100_main_models/cifar100_10_fseml_er_r010_gi960_2000_seed9.net', 'treatment': 'FSEML', 'checkpoint': False, 'saved_model': 'FSEML_Model_20260427_main.net', 'seed': 9, 'seeds': [10], 'tasks': 1, 'meta_lr': 0.0005, 'meta_lr_schedule_steps': [], 'meta_lr_schedule_values': [], 'update_lr': 0.1, 'update_step': 10, 'name': 'CIFAR100/0_0005/cifar100_10_fseml_er_r010_gi960_2000_seed9', 'dataset': 'CIFAR100', 'data_root': '../data/cifar100', 'classes_per_task': 10, 'task_protocol': 'cifar100_protocols/cifar100_10classes_seed9.json', 'query_scope': 'global', 'support_sampling': 'balanced', 'no_data_augmentation': False, 'num_workers': 4, 'encoder_channels': 32, 'latent_dim': 128, 'adapter_dim': 256, 'sparsity_target': 0.05, 'sparsity_weight': 0.005, 'reconstruction_weight': 0.1, 'weight_decay_weight': 0.0, 'fda_weight': 0.1, 'commit': False, 'no_reset': True, 'rln': 6, 'replay': True, 'replay_mode': 'fse', 'replay_buffer_size': 1000, 'replay_gap': 960, 'replay_rate': 0.1, 'replay_top_p': 32, 'replay_partitions': 10, 'visualize_replay': False, 'replay_viz_dir': 'replay_visualizations', 'replay_viz_max': 10, 'replay_analysis_dir': None, 'replay_analysis_max_events': 0, 'replay_analysis_plot_events': [], 'replay_analysis_cumulative_plot_events': [], 'replay_analysis_cumulative_plot_max_points': 0, 'replay_analysis_track_events': [], 'replay_analysis_track_all_events': False, 'replay_analysis_track_count': 0, 'replay_analysis_run_id': '20260428_01', 'replay_analysis_expanded_eval_samples': 0, 'replay_analysis_save_probe_data': False, 'reconstruction_fidelity': False, 'reference_classifier': None, 'final_fidelity_export': False, 'fidelity_eval_batch_size': 128, 'model': 'none'}
experiment  : INFO     [32m[32mRun code dir = ANML-master_20260804[0m[0m
experiment  : INFO     [32m[32mRun cwd = /home/drizzle/FSEML-rewrite-2026/ANML-master_20260804[0m[0m
experiment  : INFO     [32m[32mCommand args = python mrcl_classification.py --dataset CIFAR100 --data-root ../data/cifar100 --classes-per-task 10 --task-protocol cifar100_protocols/cifar100_10classes_seed9.json --model_name cifar100_main_models/cifar100_10_fseml_er_r010_gi960_2000_seed9.net --steps 2000 --name cifar100_10_fseml_er_r010_gi960_2000_seed9 --treatment FSEML --seed 9 --tasks 1 --meta_lr 0.0005 --update_lr 0.1 --update_step 10 --num-workers 4 --encoder-channels 32 --latent-dim 128 --adapter-dim 256 --sparsity-target 0.05 --sparsity-weight 0.005 --reconstruction-weight 0.1 --weight-decay-weight 0.0 --fda-weight 0.1 --query-scope global --support-sampling balanced --no-reset --replay --replay-mode fse --replay-buffer-size 1000 --replay-rate 0.10 --replay-gap 960 --replay-top-p 32 --replay-partitions 10[0m[0m
CIFAR100 found locally: /home/drizzle/FSEML-rewrite-2026/data/cifar100
CIFAR100 found locally: /home/drizzle/FSEML-rewrite-2026/data/cifar100
CIFAR100 found locally: /home/drizzle/FSEML-rewrite-2026/data/cifar100
experiment  : INFO     [32m[32mCIFAR100-10 protocol: 6 meta-train tasks, 4 meta-test tasks; query scope: global; classifier reset: False; support sampling: balanced[0m[0m
experiment  : INFO     [32m[32mMeta-training prediction protocol: global query with unmasked 100-class logits (class-incremental prediction)[0m[0m
experiment  : INFO     [32m[32mReplay protocol: enabled=True, mode=fse, buffer=1000, gap=960 samples, rate=0.1000, top_p=32, partitions=10[0m[0m
[W805 23:17:02.339195739 NNPACK.cpp:57] Could not initialize NNPACK! Reason: Unsupported hardware.
[W805 23:17:02.455269113 NNPACK.cpp:57] Could not initialize NNPACK! Reason: Unsupported hardware.
[W805 23:17:02.551771961 NNPACK.cpp:57] Could not initialize NNPACK! Reason: Unsupported hardware.
experiment  : INFO     [32m[32mstep: 0 	 meta_lr 0.000500 	 training acc 0.03125 and training loss tensor(4.6693, device='cuda:0', grad_fn=<AddBackward0>), loss_auto: tensor(0.3641, device='cuda:0', grad_fn=<AddBackward0>), loss_pre: tensor(4.6329, device='cuda:0', grad_fn=<NllLossBackward0>)[0m[0m
experiment  : INFO     [32m[32mReplay event 1 at meta iteration 15: replayed=96, buffer=480/1000, total_replayed=96[0m[0m
experiment  : INFO     [32m[32mReplay event 2 at meta iteration 30: replayed=96, buffer=875/1000, total_replayed=192[0m[0m
experiment  : INFO     [32m[32mstep: 40 	 meta_lr 0.000500 	 training acc 0.0 and training loss tensor(4.1341, device='cuda:0', grad_fn=<AddBackward0>), loss_auto: tensor(0.3221, device='cuda:0', grad_fn=<AddBackward0>), loss_pre: tensor(4.1019, device='cuda:0', grad_fn=<NllLossBackward0>)[0m[0m
experiment  : INFO     [32m[32mReplay event 3 at meta iteration 45: replayed=96, buffer=951/1000, total_replayed=288[0m[0m
experiment  : INFO     [32m[32mReplay event 4 at meta iteration 60: replayed=96, buffer=969/1000, total_replayed=384[0m[0m
experiment  : INFO     [32m[32mReplay event 5 at meta iteration 75: replayed=96, buffer=989/1000, total_replayed=480[0m[0m
experiment  : INFO     [32m[32mstep: 80 	 meta_lr 0.000500 	 training acc 0.078125 and training loss tensor(3.8744, device='cuda:0', grad_fn=<AddBackward0>), loss_auto: tensor(0.3109, device='cuda:0', grad_fn=<AddBackward0>), loss_pre: tensor(3.8433, device='cuda:0', grad_fn=<NllLossBackward0>)[0m[0m
experiment  : INFO     [32m[32mstep: 120 	 meta_lr 0.000500 	 training acc 0.078125 and training loss tensor(3.6393, device='cuda:0', grad_fn=<AddBackward0>), loss_auto: tensor(0.3144, device='cuda:0', grad_fn=<AddBackward0>), loss_pre: tensor(3.6079, device='cuda:0', grad_fn=<NllLossBackward0>)[0m[0m
experiment  : INFO     [32m[32mstep: 160 	 meta_lr 0.000500 	 training acc 0.03125 and training loss tensor(3.7097, device='cuda:0', grad_fn=<AddBackward0>), loss_auto: tensor(0.2933, device='cuda:0', grad_fn=<AddBackward0>), loss_pre: tensor(3.6804, device='cuda:0', grad_fn=<NllLossBackward0>)[0m[0m
experiment  : INFO     [32m[32mstep: 200 	 meta_lr 0.000500 	 training acc 0.15625 and training loss tensor(3.7376, device='cuda:0', grad_fn=<AddBackward0>), loss_auto: tensor(0.3205, device='cuda:0', grad_fn=<AddBackward0>), loss_pre: tensor(3.7055, device='cuda:0', grad_fn=<NllLossBackward0>)[0m[0m
experiment  : INFO     [32m[32mstep: 240 	 meta_lr 0.000500 	 training acc 0.046875 and training loss tensor(3.7462, device='cuda:0', grad_fn=<AddBackward0>), loss_auto: tensor(0.3045, device='cuda:0', grad_fn=<AddBackward0>), loss_pre: tensor(3.7157, device='cuda:0', grad_fn=<NllLossBackward0>)[0m[0m
experiment  : INFO     [32m[32mstep: 280 	 meta_lr 0.000500 	 training acc 0.125 and training loss tensor(3.4189, device='cuda:0', grad_fn=<AddBackward0>), loss_auto: tensor(0.3019, device='cuda:0', grad_fn=<AddBackward0>), loss_pre: tensor(3.3887, device='cuda:0', grad_fn=<NllLossBackward0>)[0m[0m
experiment  : INFO     [32m[32mstep: 320 	 meta_lr 0.000500 	 training acc 0.046875 and training loss tensor(3.6005, device='cuda:0', grad_fn=<AddBackward0>), loss_auto: tensor(0.2975, device='cuda:0', grad_fn=<AddBackward0>), loss_pre: tensor(3.5707, device='cuda:0', grad_fn=<NllLossBackward0>)[0m[0m
experiment  : INFO     [32m[32mstep: 360 	 meta_lr 0.000500 	 training acc 0.109375 and training loss tensor(3.2803, device='cuda:0', grad_fn=<AddBackward0>), loss_auto: tensor(0.3018, device='cuda:0', grad_fn=<AddBackward0>), loss_pre: tensor(3.2501, device='cuda:0', grad_fn=<NllLossBackward0>)[0m[0m
experiment  : INFO     [32m[32mstep: 400 	 meta_lr 0.000500 	 training acc 0.109375 and training loss tensor(3.2966, device='cuda:0', grad_fn=<AddBackward0>), loss_auto: tensor(0.3130, device='cuda:0', grad_fn=<AddBackward0>), loss_pre: tensor(3.2653, device='cuda:0', grad_fn=<NllLossBackward0>)[0m[0m
experiment  : INFO     [32m[32mstep: 440 	 meta_lr 0.000500 	 training acc 0.140625 and training loss tensor(3.5246, device='cuda:0', grad_fn=<AddBackward0>), loss_auto: tensor(0.3164, device='cuda:0', grad_fn=<AddBackward0>), loss_pre: tensor(3.4929, device='cuda:0', grad_fn=<NllLossBackward0>)[0m[0m
experiment  : INFO     [32m[32mstep: 480 	 meta_lr 0.000500 	 training acc 0.1875 and training loss tensor(3.3505, device='cuda:0', grad_fn=<AddBackward0>), loss_auto: tensor(0.2939, device='cuda:0', grad_fn=<AddBackward0>), loss_pre: tensor(3.3211, device='cuda:0', grad_fn=<NllLossBackward0>)[0m[0m
experiment  : INFO     [32m[32mTrain Accuracy = 0.19514627659574468[0m[0m
experiment  : INFO     [32m[32mTest Accuracy = 0.0[0m[0m
experiment  : INFO     [32m[32mstep: 520 	 meta_lr 0.000500 	 training acc 0.140625 and training loss tensor(3.1428, device='cuda:0', grad_fn=<AddBackward0>), loss_auto: tensor(0.3102, device='cuda:0', grad_fn=<AddBackward0>), loss_pre: tensor(3.1118, device='cuda:0', grad_fn=<NllLossBackward0>)[0m[0m
experiment  : INFO     [32m[32mstep: 560 	 meta_lr 0.000500 	 training acc 0.15625 and training loss tensor(3.1125, device='cuda:0', grad_fn=<AddBackward0>), loss_auto: tensor(0.3039, device='cuda:0', grad_fn=<AddBackward0>), loss_pre: tensor(3.0821, device='cuda:0', grad_fn=<NllLossBackward0>)[0m[0m
experiment  : INFO     [32m[32mstep: 600 	 meta_lr 0.000500 	 training acc 0.125 and training loss tensor(3.2987, device='cuda:0', grad_fn=<AddBackward0>), loss_auto: tensor(0.3061, device='cuda:0', grad_fn=<AddBackward0>), loss_pre: tensor(3.2681, device='cuda:0', grad_fn=<NllLossBackward0>)[0m[0m
experiment  : INFO     [32m[32mstep: 640 	 meta_lr 0.000500 	 training acc 0.0625 and training loss tensor(3.6713, device='cuda:0', grad_fn=<AddBackward0>), loss_auto: tensor(0.3516, device='cuda:0', grad_fn=<AddBackward0>), loss_pre: tensor(3.6361, device='cuda:0', grad_fn=<NllLossBackward0>)[0m[0m
experiment  : INFO     [32m[32mstep: 680 	 meta_lr 0.000500 	 training acc 0.21875 and training loss tensor(3.1289, device='cuda:0', grad_fn=<AddBackward0>), loss_auto: tensor(0.3105, device='cuda:0', grad_fn=<AddBackward0>), loss_pre: tensor(3.0978, device='cuda:0', grad_fn=<NllLossBackward0>)[0m[0m
experiment  : INFO     [32m[32mstep: 720 	 meta_lr 0.000500 	 training acc 0.109375 and training loss tensor(3.3340, device='cuda:0', grad_fn=<AddBackward0>), loss_auto: tensor(0.3081, device='cuda:0', grad_fn=<AddBackward0>), loss_pre: tensor(3.3032, device='cuda:0', grad_fn=<NllLossBackward0>)[0m[0m
experiment  : INFO     [32m[32mstep: 760 	 meta_lr 0.000500 	 training acc 0.171875 and training loss tensor(3.1033, device='cuda:0', grad_fn=<AddBackward0>), loss_auto: tensor(0.3098, device='cuda:0', grad_fn=<AddBackward0>), loss_pre: tensor(3.0723, device='cuda:0', grad_fn=<NllLossBackward0>)[0m[0m
experiment  : INFO     [32m[32mstep: 800 	 meta_lr 0.000500 	 training acc 0.203125 and training loss tensor(3.3580, device='cuda:0', grad_fn=<AddBackward0>), loss_auto: tensor(0.3147, device='cuda:0', grad_fn=<AddBackward0>), loss_pre: tensor(3.3265, device='cuda:0', grad_fn=<NllLossBackward0>)[0m[0m
experiment  : INFO     [32m[32mstep: 840 	 meta_lr 0.000500 	 training acc 0.078125 and training loss tensor(3.2914, device='cuda:0', grad_fn=<AddBackward0>), loss_auto: tensor(0.3101, device='cuda:0', grad_fn=<AddBackward0>), loss_pre: tensor(3.2604, device='cuda:0', grad_fn=<NllLossBackward0>)[0m[0m
experiment  : INFO     [32m[32mstep: 880 	 meta_lr 0.000500 	 training acc 0.25 and training loss tensor(2.9799, device='cuda:0', grad_fn=<AddBackward0>), loss_auto: tensor(0.3041, device='cuda:0', grad_fn=<AddBackward0>), loss_pre: tensor(2.9495, device='cuda:0', grad_fn=<NllLossBackward0>)[0m[0m
experiment  : INFO     [32m[32mstep: 920 	 meta_lr 0.000500 	 training acc 0.25 and training loss tensor(3.0389, device='cuda:0', grad_fn=<AddBackward0>), loss_auto: tensor(0.3078, device='cuda:0', grad_fn=<AddBackward0>), loss_pre: tensor(3.0081, device='cuda:0', grad_fn=<NllLossBackward0>)[0m[0m
experiment  : INFO     [32m[32mstep: 960 	 meta_lr 0.000500 	 training acc 0.234375 and training loss tensor(3.5350, device='cuda:0', grad_fn=<AddBackward0>), loss_auto: tensor(0.3006, device='cuda:0', grad_fn=<AddBackward0>), loss_pre: tensor(3.5049, device='cuda:0', grad_fn=<NllLossBackward0>)[0m[0m
experiment  : INFO     [32m[32mstep: 1000 	 meta_lr 0.000500 	 training acc 0.265625 and training loss tensor(3.1693, device='cuda:0', grad_fn=<AddBackward0>), loss_auto: tensor(0.3181, device='cuda:0', grad_fn=<AddBackward0>), loss_pre: tensor(3.1375, device='cuda:0', grad_fn=<NllLossBackward0>)[0m[0m
experiment  : INFO     [32m[32mTrain Accuracy = 0.259552304964539[0m[0m
experiment  : INFO     [32m[32mTest Accuracy = 0.0[0m[0m
experiment  : INFO     [32m[32mstep: 1040 	 meta_lr 0.000500 	 training acc 0.125 and training loss tensor(3.4414, device='cuda:0', grad_fn=<AddBackward0>), loss_auto: tensor(0.3114, device='cuda:0', grad_fn=<AddBackward0>), loss_pre: tensor(3.4103, device='cuda:0', grad_fn=<NllLossBackward0>)[0m[0m
experiment  : INFO     [32m[32mstep: 1080 	 meta_lr 0.000500 	 training acc 0.15625 and training loss tensor(3.2695, device='cuda:0', grad_fn=<AddBackward0>), loss_auto: tensor(0.3004, device='cuda:0', grad_fn=<AddBackward0>), loss_pre: tensor(3.2394, device='cuda:0', grad_fn=<NllLossBackward0>)[0m[0m
experiment  : INFO     [32m[32mstep: 1120 	 meta_lr 0.000500 	 training acc 0.234375 and training loss tensor(2.9585, device='cuda:0', grad_fn=<AddBackward0>), loss_auto: tensor(0.3072, device='cuda:0', grad_fn=<AddBackward0>), loss_pre: tensor(2.9278, device='cuda:0', grad_fn=<NllLossBackward0>)[0m[0m
experiment  : INFO     [32m[32mstep: 1160 	 meta_lr 0.000500 	 training acc 0.25 and training loss tensor(3.2142, device='cuda:0', grad_fn=<AddBackward0>), loss_auto: tensor(0.3122, device='cuda:0', grad_fn=<AddBackward0>), loss_pre: tensor(3.1830, device='cuda:0', grad_fn=<NllLossBackward0>)[0m[0m
experiment  : INFO     [32m[32mstep: 1200 	 meta_lr 0.000500 	 training acc 0.25 and training loss tensor(2.9256, device='cuda:0', grad_fn=<AddBackward0>), loss_auto: tensor(0.3043, device='cuda:0', grad_fn=<AddBackward0>), loss_pre: tensor(2.8951, device='cuda:0', grad_fn=<NllLossBackward0>)[0m[0m
experiment  : INFO     [32m[32mstep: 1240 	 meta_lr 0.000500 	 training acc 0.234375 and training loss tensor(3.0046, device='cuda:0', grad_fn=<AddBackward0>), loss_auto: tensor(0.3269, device='cuda:0', grad_fn=<AddBackward0>), loss_pre: tensor(2.9719, device='cuda:0', grad_fn=<NllLossBackward0>)[0m[0m
experiment  : INFO     [32m[32mstep: 1280 	 meta_lr 0.000500 	 training acc 0.359375 and training loss tensor(2.5535, device='cuda:0', grad_fn=<AddBackward0>), loss_auto: tensor(0.3119, device='cuda:0', grad_fn=<AddBackward0>), loss_pre: tensor(2.5224, device='cuda:0', grad_fn=<NllLossBackward0>)[0m[0m
experiment  : INFO     [32m[32mstep: 1320 	 meta_lr 0.000500 	 training acc 0.15625 and training loss tensor(3.1427, device='cuda:0', grad_fn=<AddBackward0>), loss_auto: tensor(0.3000, device='cuda:0', grad_fn=<AddBackward0>), loss_pre: tensor(3.1127, device='cuda:0', grad_fn=<NllLossBackward0>)[0m[0m
experiment  : INFO     [32m[32mstep: 1360 	 meta_lr 0.000500 	 training acc 0.265625 and training loss tensor(2.7304, device='cuda:0', grad_fn=<AddBackward0>), loss_auto: tensor(0.3065, device='cuda:0', grad_fn=<AddBackward0>), loss_pre: tensor(2.6998, device='cuda:0', grad_fn=<NllLossBackward0>)[0m[0m
experiment  : INFO     [32m[32mstep: 1400 	 meta_lr 0.000500 	 training acc 0.328125 and training loss tensor(2.8211, device='cuda:0', grad_fn=<AddBackward0>), loss_auto: tensor(0.3063, device='cuda:0', grad_fn=<AddBackward0>), loss_pre: tensor(2.7904, device='cuda:0', grad_fn=<NllLossBackward0>)[0m[0m
experiment  : INFO     [32m[32mstep: 1440 	 meta_lr 0.000500 	 training acc 0.296875 and training loss tensor(3.4710, device='cuda:0', grad_fn=<AddBackward0>), loss_auto: tensor(0.3121, device='cuda:0', grad_fn=<AddBackward0>), loss_pre: tensor(3.4397, device='cuda:0', grad_fn=<NllLossBackward0>)[0m[0m
experiment  : INFO     [32m[32mstep: 1480 	 meta_lr 0.000500 	 training acc 0.28125 and training loss tensor(2.7107, device='cuda:0', grad_fn=<AddBackward0>), loss_auto: tensor(0.3063, device='cuda:0', grad_fn=<AddBackward0>), loss_pre: tensor(2.6801, device='cuda:0', grad_fn=<NllLossBackward0>)[0m[0m
experiment  : INFO     [32m[32mReplay event 100 at meta iteration 1500: replayed=96, buffer=1000/1000, total_replayed=9600[0m[0m
experiment  : INFO     [32m[32mTrain Accuracy = 0.3041999113475177[0m[0m
experiment  : INFO     [32m[32mTest Accuracy = 0.0[0m[0m
experiment  : INFO     [32m[32mstep: 1520 	 meta_lr 0.000500 	 training acc 0.21875 and training loss tensor(2.5687, device='cuda:0', grad_fn=<AddBackward0>), loss_auto: tensor(0.3105, device='cuda:0', grad_fn=<AddBackward0>), loss_pre: tensor(2.5376, device='cuda:0', grad_fn=<NllLossBackward0>)[0m[0m
experiment  : INFO     [32m[32mstep: 1560 	 meta_lr 0.000500 	 training acc 0.21875 and training loss tensor(3.0872, device='cuda:0', grad_fn=<AddBackward0>), loss_auto: tensor(0.2939, device='cuda:0', grad_fn=<AddBackward0>), loss_pre: tensor(3.0578, device='cuda:0', grad_fn=<NllLossBackward0>)[0m[0m
experiment  : INFO     [32m[32mstep: 1600 	 meta_lr 0.000500 	 training acc 0.328125 and training loss tensor(2.6934, device='cuda:0', grad_fn=<AddBackward0>), loss_auto: tensor(0.3110, device='cuda:0', grad_fn=<AddBackward0>), loss_pre: tensor(2.6623, device='cuda:0', grad_fn=<NllLossBackward0>)[0m[0m
experiment  : INFO     [32m[32mstep: 1640 	 meta_lr 0.000500 	 training acc 0.296875 and training loss tensor(2.8071, device='cuda:0', grad_fn=<AddBackward0>), loss_auto: tensor(0.3134, device='cuda:0', grad_fn=<AddBackward0>), loss_pre: tensor(2.7758, device='cuda:0', grad_fn=<NllLossBackward0>)[0m[0m
experiment  : INFO     [32m[32mstep: 1680 	 meta_lr 0.000500 	 training acc 0.15625 and training loss tensor(3.0612, device='cuda:0', grad_fn=<AddBackward0>), loss_auto: tensor(0.2982, device='cuda:0', grad_fn=<AddBackward0>), loss_pre: tensor(3.0313, device='cuda:0', grad_fn=<NllLossBackward0>)[0m[0m
experiment  : INFO     [32m[32mstep: 1720 	 meta_lr 0.000500 	 training acc 0.265625 and training loss tensor(2.9910, device='cuda:0', grad_fn=<AddBackward0>), loss_auto: tensor(0.3132, device='cuda:0', grad_fn=<AddBackward0>), loss_pre: tensor(2.9597, device='cuda:0', grad_fn=<NllLossBackward0>)[0m[0m
experiment  : INFO     [32m[32mstep: 1760 	 meta_lr 0.000500 	 training acc 0.421875 and training loss tensor(2.4630, device='cuda:0', grad_fn=<AddBackward0>), loss_auto: tensor(0.3077, device='cuda:0', grad_fn=<AddBackward0>), loss_pre: tensor(2.4323, device='cuda:0', grad_fn=<NllLossBackward0>)[0m[0m
experiment  : INFO     [32m[32mstep: 1800 	 meta_lr 0.000500 	 training acc 0.265625 and training loss tensor(2.8481, device='cuda:0', grad_fn=<AddBackward0>), loss_auto: tensor(0.3041, device='cuda:0', grad_fn=<AddBackward0>), loss_pre: tensor(2.8176, device='cuda:0', grad_fn=<NllLossBackward0>)[0m[0m
experiment  : INFO     [32m[32mstep: 1840 	 meta_lr 0.000500 	 training acc 0.1875 and training loss tensor(2.7984, device='cuda:0', grad_fn=<AddBackward0>), loss_auto: tensor(0.3115, device='cuda:0', grad_fn=<AddBackward0>), loss_pre: tensor(2.7672, device='cuda:0', grad_fn=<NllLossBackward0>)[0m[0m
experiment  : INFO     [32m[32mstep: 1880 	 meta_lr 0.000500 	 training acc 0.296875 and training loss tensor(2.6345, device='cuda:0', grad_fn=<AddBackward0>), loss_auto: tensor(0.3029, device='cuda:0', grad_fn=<AddBackward0>), loss_pre: tensor(2.6042, device='cuda:0', grad_fn=<NllLossBackward0>)[0m[0m
experiment  : INFO     [32m[32mstep: 1920 	 meta_lr 0.000500 	 training acc 0.15625 and training loss tensor(3.0602, device='cuda:0', grad_fn=<AddBackward0>), loss_auto: tensor(0.3137, device='cuda:0', grad_fn=<AddBackward0>), loss_pre: tensor(3.0288, device='cuda:0', grad_fn=<NllLossBackward0>)[0m[0m
experiment  : INFO     [32m[32mstep: 1960 	 meta_lr 0.000500 	 training acc 0.28125 and training loss tensor(2.9220, device='cuda:0', grad_fn=<AddBackward0>), loss_auto: tensor(0.3138, device='cuda:0', grad_fn=<AddBackward0>), loss_pre: tensor(2.8907, device='cuda:0', grad_fn=<NllLossBackward0>)[0m[0m
experiment  : INFO     [32m[32mFinal replay status: {'mode': 'fse', 'enabled': True, 'buffer_length': 1000, 'buffer_capacity': 1000, 'replay_events': 133, 'total_replayed_samples': 12768, 'last_replay_count': 96, 'samples_since_replay': 320, 'replay_gap': 960, 'replay_rate': 0.1, 'top_p': 32, 'partitions': 10}[0m[0m
